111.30.224.142 - - [23/Mar/2024:07:10:20 +0000] "GET /api/languages HTTP/1.1" 200 13989 "http://49.233.190.181/admin/problem/create" "Mozilla/5.0 (Windows NT 10.0; Win64; x64) AppleWebKit/537.36 (KHTML, like Gecko) Chrome/123.0.0.0 Safari/537.36" "-"
111.30.224.142 - - [23/Mar/2024:07:10:21 +0000] "GET /api/admin/problem?offset=0&limit=10 HTTP/1.1" 200 84 "http://49.233.190.181/admin/problem/batch_ops" "Mozilla/5.0 (Windows NT 10.0; Win64; x64) AppleWebKit/537.36 (KHTML, like Gecko) Chrome/123.0.0.0 Safari/537.36" "-"
172.18.0.2 - - [23/Mar/2024:07:10:23 +0000] "POST /api/judge_server_heartbeat/ HTTP/1.1" 200 39 "-" "python-requests/2.31.0" "-"
111.30.224.142 - - [23/Mar/2024:07:10:24 +0000] "GET /api/admin/contest?paging=true&offset=0&limit=10 HTTP/1.1" 200 84 "http://49.233.190.181/admin/contest" "Mozilla/5.0 (Windows NT 10.0; Win64; x64) AppleWebKit/537.36 (KHTML, like Gecko) Chrome/123.0.0.0 Safari/537.36" "-"
111.30.224.142 - - [23/Mar/2024:07:10:25 +0000] "GET /api/sessions HTTP/1.1" 200 398 "http://49.233.190.181/admin/" "Mozilla/5.0 (Windows NT 10.0; Win64; x64) AppleWebKit/537.36 (KHTML, like Gecko) Chrome/123.0.0.0 Safari/537.36" "-"
111.30.224.142 - - [23/Mar/2024:07:10:25 +0000] "GET /api/admin/dashboard_info HTTP/1.1" 200 267 "http://49.233.190.181/admin/" "Mozilla/5.0 (Windows NT 10.0; Win64; x64) AppleWebKit/537.36 (KHTML, like Gecko) Chrome/123.0.0.0 Safari/537.36" "-"
111.30.224.142 - - [23/Mar/2024:07:10:27 +0000] "GET /api/admin/versions HTTP/1.1" 200 9663 "http://49.233.190.181/admin/" "Mozilla/5.0 (Windows NT 10.0; Win64; x64) AppleWebKit/537.36 (KHTML, like Gecko) Chrome/123.0.0.0 Safari/537.36" "-"
172.18.0.2 - - [23/Mar/2024:07:10:28 +0000] "POST /api/judge_server_heartbeat/ HTTP/1.1" 200 39 "-" "python-requests/2.31.0" "-"
172.18.0.2 - - [23/Mar/2024:07:10:34 +0000] "POST /api/judge_server_heartbeat/ HTTP/1.1" 200 39 "-" "python-requests/2.31.0" "-"
111.30.224.142 - - [23/Mar/2024:07:10:36 +0000] "GET /api/problem/tags?keyword=%23 HTTP/1.1" 200 37 "http://49.233.190.181/admin/problem/create" "Mozilla/5.0 (Windows NT 10.0; Win64; x64) AppleWebKit/537.36 (KHTML, like Gecko) Chrome/123.0.0.0 Safari/537.36" "-"
111.30.224.142 - - [23/Mar/2024:07:10:38 +0000] "GET /api/problem/tags?keyword=%23easy HTTP/1.1" 200 37 "http://49.233.190.181/admin/problem/create" "Mozilla/5.0 (Windows NT 10.0; Win64; x64) AppleWebKit/537.36 (KHTML, like Gecko) Chrome/123.0.0.0 Safari/537.36" "-"
172.18.0.2 - - [23/Mar/2024:07:10:39 +0000] "POST /api/judge_server_heartbeat/ HTTP/1.1" 200 39 "-" "python-requests/2.31.0" "-"
172.18.0.2 - - [23/Mar/2024:07:10:44 +0000] "POST /api/judge_server_heartbeat/ HTTP/1.1" 200 39 "-" "python-requests/2.31.0" "-"
111.30.224.142 - - [23/Mar/2024:07:10:46 +0000] "GET /api/problem/tags?keyword=%2B HTTP/1.1" 200 37 "http://49.233.190.181/admin/problem/create" "Mozilla/5.0 (Windows NT 10.0; Win64; x64) AppleWebKit/537.36 (KHTML, like Gecko) Chrome/123.0.0.0 Safari/537.36" "-"
111.30.224.142 - - [23/Mar/2024:07:10:46 +0000] "GET /api/problem/tags?keyword=%2Bads HTTP/1.1" 200 37 "http://49.233.190.181/admin/problem/create" "Mozilla/5.0 (Windows NT 10.0; Win64; x64) AppleWebKit/537.36 (KHTML, like Gecko) Chrome/123.0.0.0 Safari/537.36" "-"
111.30.224.142 - - [23/Mar/2024:07:10:47 +0000] "GET /api/problem/tags?keyword=%2B HTTP/1.1" 200 37 "http://49.233.190.181/admin/problem/create" "Mozilla/5.0 (Windows NT 10.0; Win64; x64) AppleWebKit/537.36 (KHTML, like Gecko) Chrome/123.0.0.0 Safari/537.36" "-"
172.18.0.2 - - [23/Mar/2024:07:10:49 +0000] "POST /api/judge_server_heartbeat/ HTTP/1.1" 200 39 "-" "python-requests/2.31.0" "-"
111.30.224.142 - - [23/Mar/2024:07:10:54 +0000] "GET /api/problem/tags?keyword=%2F HTTP/1.1" 200 37 "http://49.233.190.181/admin/problem/create" "Mozilla/5.0 (Windows NT 10.0; Win64; x64) AppleWebKit/537.36 (KHTML, like Gecko) Chrome/123.0.0.0 Safari/537.36" "-"
172.18.0.2 - - [23/Mar/2024:07:10:54 +0000] "POST /api/judge_server_heartbeat/ HTTP/1.1" 200 39 "-" "python-requests/2.31.0" "-"
111.30.224.142 - - [23/Mar/2024:07:10:55 +0000] "GET /api/problem/tags?keyword=%2Feasy HTTP/1.1" 200 37 "http://49.233.190.181/admin/problem/create" "Mozilla/5.0 (Windows NT 10.0; Win64; x64) AppleWebKit/537.36 (KHTML, like Gecko) Chrome/123.0.0.0 Safari/537.36" "-"
172.18.0.2 - - [23/Mar/2024:07:11:00 +0000] "POST /api/judge_server_heartbeat/ HTTP/1.1" 200 39 "-" "python-requests/2.31.0" "-"
172.18.0.2 - - [23/Mar/2024:07:11:05 +0000] "POST /api/judge_server_heartbeat/ HTTP/1.1" 200 39 "-" "python-requests/2.31.0" "-"
172.18.0.2 - - [23/Mar/2024:07:11:10 +0000] "POST /api/judge_server_heartbeat/ HTTP/1.1" 200 39 "-" "python-requests/2.31.0" "-"
172.18.0.2 - - [23/Mar/2024:07:11:15 +0000] "POST /api/judge_server_heartbeat/ HTTP/1.1" 200 39 "-" "python-requests/2.31.0" "-"
172.18.0.2 - - [23/Mar/2024:07:11:21 +0000] "POST /api/judge_server_heartbeat/ HTTP/1.1" 200 39 "-" "python-requests/2.31.0" "-"
172.18.0.2 - - [23/Mar/2024:07:11:26 +0000] "POST /api/judge_server_heartbeat/ HTTP/1.1" 200 39 "-" "python-requests/2.31.0" "-"
172.18.0.2 - - [23/Mar/2024:07:11:31 +0000] "POST /api/judge_server_heartbeat/ HTTP/1.1" 200 39 "-" "python-requests/2.31.0" "-"
172.18.0.2 - - [23/Mar/2024:07:11:36 +0000] "POST /api/judge_server_heartbeat/ HTTP/1.1" 200 39 "-" "python-requests/2.31.0" "-"
172.18.0.2 - - [23/Mar/2024:07:11:42 +0000] "POST /api/judge_server_heartbeat/ HTTP/1.1" 200 39 "-" "python-requests/2.31.0" "-"
172.18.0.2 - - [23/Mar/2024:07:11:47 +0000] "POST /api/judge_server_heartbeat/ HTTP/1.1" 200 39 "-" "python-requests/2.31.0" "-"
172.18.0.2 - - [23/Mar/2024:07:11:52 +0000] "POST /api/judge_server_heartbeat/ HTTP/1.1" 200 39 "-" "python-requests/2.31.0" "-"
172.18.0.2 - - [23/Mar/2024:07:11:57 +0000] "POST /api/judge_server_heartbeat/ HTTP/1.1" 200 39 "-" "python-requests/2.31.0" "-"
172.18.0.2 - - [23/Mar/2024:07:12:03 +0000] "POST /api/judge_server_heartbeat/ HTTP/1.1" 200 39 "-" "python-requests/2.31.0" "-"
172.18.0.2 - - [23/Mar/2024:07:12:08 +0000] "POST /api/judge_server_heartbeat/ HTTP/1.1" 200 39 "-" "python-requests/2.31.0" "-"
172.18.0.2 - - [23/Mar/2024:07:12:13 +0000] "POST /api/judge_server_heartbeat/ HTTP/1.1" 200 39 "-" "python-requests/2.31.0" "-"
172.18.0.2 - - [23/Mar/2024:07:12:18 +0000] "POST /api/judge_server_heartbeat/ HTTP/1.1" 200 39 "-" "python-requests/2.31.0" "-"
172.18.0.2 - - [23/Mar/2024:07:12:24 +0000] "POST /api/judge_server_heartbeat/ HTTP/1.1" 200 39 "-" "python-requests/2.31.0" "-"
172.18.0.2 - - [23/Mar/2024:07:12:29 +0000] "POST /api/judge_server_heartbeat/ HTTP/1.1" 200 39 "-" "python-requests/2.31.0" "-"
172.18.0.2 - - [23/Mar/2024:07:12:34 +0000] "POST /api/judge_server_heartbeat/ HTTP/1.1" 200 39 "-" "python-requests/2.31.0" "-"
172.18.0.2 - - [23/Mar/2024:07:12:39 +0000] "POST /api/judge_server_heartbeat/ HTTP/1.1" 200 39 "-" "python-requests/2.31.0" "-"
172.18.0.2 - - [23/Mar/2024:07:12:45 +0000] "POST /api/judge_server_heartbeat/ HTTP/1.1" 200 39 "-" "python-requests/2.31.0" "-"
172.18.0.2 - - [23/Mar/2024:07:12:50 +0000] "POST /api/judge_server_heartbeat/ HTTP/1.1" 200 39 "-" "python-requests/2.31.0" "-"
172.18.0.2 - - [23/Mar/2024:07:12:55 +0000] "POST /api/judge_server_heartbeat/ HTTP/1.1" 200 39 "-" "python-requests/2.31.0" "-"
172.18.0.2 - - [23/Mar/2024:07:13:00 +0000] "POST /api/judge_server_heartbeat/ HTTP/1.1" 200 39 "-" "python-requests/2.31.0" "-"
172.18.0.2 - - [23/Mar/2024:07:13:05 +0000] "POST /api/judge_server_heartbeat/ HTTP/1.1" 200 39 "-" "python-requests/2.31.0" "-"
172.18.0.2 - - [23/Mar/2024:07:13:11 +0000] "POST /api/judge_server_heartbeat/ HTTP/1.1" 200 39 "-" "python-requests/2.31.0" "-"
186.179.59.179 - - [23/Mar/2024:07:13:15 +0000] "HEAD / HTTP/1.1" 200 0 "-" "Mozilla/5.0 (Macintosh; Intel Mac OS X 10_15_7) AppleWebKit/537.36 (KHTML, like Gecko) Chrome/107.0.0.0 Safari/537.36" "-"
172.18.0.2 - - [23/Mar/2024:07:13:16 +0000] "POST /api/judge_server_heartbeat/ HTTP/1.1" 200 39 "-" "python-requests/2.31.0" "-"
132.255.133.16 - - [23/Mar/2024:07:13:16 +0000] "GET / HTTP/1.1" 200 509 "-" "Mozilla/5.0 (Macintosh; Intel Mac OS X 10_15_7) AppleWebKit/537.36 (KHTML, like Gecko) Chrome/107.0.0.0 Safari/537.36" "-"
38.154.186.98 - - [23/Mar/2024:07:13:17 +0000] "GET /public/website/favicon.ico HTTP/1.1" 200 67646 "-" "Mozilla/5.0 (Macintosh; Intel Mac OS X 10_15_7) AppleWebKit/537.36 (KHTML, like Gecko) Chrome/107.0.0.0 Safari/537.36" "-"
172.18.0.2 - - [23/Mar/2024:07:13:21 +0000] "POST /api/judge_server_heartbeat/ HTTP/1.1" 200 39 "-" "python-requests/2.31.0" "-"
172.18.0.2 - - [23/Mar/2024:07:13:26 +0000] "POST /api/judge_server_heartbeat/ HTTP/1.1" 200 39 "-" "python-requests/2.31.0" "-"
220.196.160.51 - - [23/Mar/2024:07:13:28 +0000] "GET /HNAP1/ HTTP/1.1" 200 509 "-" "Mozilla/5.0 (iPhone; CPU iPhone os 15_4 like Mac OS X) AppleWebKit/605.1.15 (KHTML, like Gecko) Version/15.4 Mobile/11D257 Safari/604.1" "-"
106.55.31.147 - - [23/Mar/2024:07:13:29 +0000] "GET /static/js/vendor.dll.b64803b.js HTTP/1.1" 200 110541 "-" "Go-http-client/1.1" "-"
106.55.31.147 - - [23/Mar/2024:07:13:29 +0000] "GET /static/js/manifest.fcad483b656bd3e2ef43.js HTTP/1.1" 200 902 "-" "Go-http-client/1.1" "-"
129.211.162.158 - - [23/Mar/2024:07:13:29 +0000] "GET /HNAP1/ HTTP/1.1" 200 509 "-" "Mozilla/5.0 (iPhone; CPU iPhone OS 13_7 like Mac OS X) AppleWebKit/605.1.15 (KHTML, like Gecko) Version/13.1 Mobile/15E148 Safari/604.1" "-"
129.211.162.158 - - [23/Mar/2024:07:13:30 +0000] "GET /static/css/loader.css HTTP/1.1" 200 484 "http://49.233.190.181/HNAP1/" "Mozilla/5.0 (iPhone; CPU iPhone OS 13_7 like Mac OS X) AppleWebKit/605.1.15 (KHTML, like Gecko) Version/13.1 Mobile/15E148 Safari/604.1" "-"
180.101.245.248 - - [23/Mar/2024:07:13:30 +0000] "GET /static/css/oj.e528b7757449fd797dc176fcd01acac1.css HTTP/1.1" 200 55015 "http://49.233.190.181/HNAP1/" "Mozilla/5.0 (iPhone; CPU iPhone OS 13_7 like Mac OS X) AppleWebKit/605.1.15 (KHTML, like Gecko) Version/13.1 Mobile/15E148 Safari/604.1" "-"
180.101.244.15 - - [23/Mar/2024:07:13:30 +0000] "GET /static/js/manifest.fcad483b656bd3e2ef43.js HTTP/1.1" 200 902 "http://49.233.190.181/HNAP1/" "Mozilla/5.0 (iPhone; CPU iPhone OS 13_7 like Mac OS X) AppleWebKit/605.1.15 (KHTML, like Gecko) Version/13.1 Mobile/15E148 Safari/604.1" "-"
180.101.245.247 - - [23/Mar/2024:07:13:30 +0000] "GET /static/css/vendor.85055a479e1ae7522d5e23653d0415d3.css HTTP/1.1" 200 52092 "http://49.233.190.181/HNAP1/" "Mozilla/5.0 (iPhone; CPU iPhone OS 13_7 like Mac OS X) AppleWebKit/605.1.15 (KHTML, like Gecko) Version/13.1 Mobile/15E148 Safari/604.1" "-"
180.101.245.252 - - [23/Mar/2024:07:13:30 +0000] "GET /static/js/vendor.dll.b64803b.js HTTP/1.1" 200 110541 "http://49.233.190.181/HNAP1/" "Mozilla/5.0 (iPhone; CPU iPhone OS 13_7 like Mac OS X) AppleWebKit/605.1.15 (KHTML, like Gecko) Version/13.1 Mobile/15E148 Safari/604.1" "-"
180.101.245.246 - - [23/Mar/2024:07:13:30 +0000] "GET /static/js/vendor.6661a4fce9661688886e.js HTTP/1.1" 200 154954 "http://49.233.190.181/HNAP1/" "Mozilla/5.0 (iPhone; CPU iPhone OS 13_7 like Mac OS X) AppleWebKit/605.1.15 (KHTML, like Gecko) Version/13.1 Mobile/15E148 Safari/604.1" "-"
129.211.162.158 - - [23/Mar/2024:07:13:30 +0000] "GET /static/js/oj.9a5e9209dd4a780e5121.js HTTP/1.1" 200 336271 "http://49.233.190.181/HNAP1/" "Mozilla/5.0 (iPhone; CPU iPhone OS 13_7 like Mac OS X) AppleWebKit/605.1.15 (KHTML, like Gecko) Version/13.1 Mobile/15E148 Safari/604.1" "-"
180.101.245.246 - - [23/Mar/2024:07:13:31 +0000] "GET /api/profile HTTP/1.1" 200 39 "http://49.233.190.181/HNAP1/" "Mozilla/5.0 (iPhone; CPU iPhone OS 13_7 like Mac OS X) AppleWebKit/605.1.15 (KHTML, like Gecko) Version/13.1 Mobile/15E148 Safari/604.1" "-"
129.211.162.158 - - [23/Mar/2024:07:13:31 +0000] "GET /api/website HTTP/1.1" 200 291 "http://49.233.190.181/HNAP1/" "Mozilla/5.0 (iPhone; CPU iPhone OS 13_7 like Mac OS X) AppleWebKit/605.1.15 (KHTML, like Gecko) Version/13.1 Mobile/15E148 Safari/604.1" "-"
180.101.245.252 - - [23/Mar/2024:07:13:31 +0000] "GET /static/fonts/ionicons.24712f6.ttf HTTP/1.1" 200 188508 "http://49.233.190.181/static/css/oj.e528b7757449fd797dc176fcd01acac1.css" "Mozilla/5.0 (iPhone; CPU iPhone OS 13_7 like Mac OS X) AppleWebKit/605.1.15 (KHTML, like Gecko) Version/13.1 Mobile/15E148 Safari/604.1" "-"
172.18.0.2 - - [23/Mar/2024:07:13:32 +0000] "POST /api/judge_server_heartbeat/ HTTP/1.1" 200 39 "-" "python-requests/2.31.0" "-"
172.18.0.2 - - [23/Mar/2024:07:13:37 +0000] "POST /api/judge_server_heartbeat/ HTTP/1.1" 200 39 "-" "python-requests/2.31.0" "-"
172.18.0.2 - - [23/Mar/2024:07:13:42 +0000] "POST /api/judge_server_heartbeat/ HTTP/1.1" 200 39 "-" "python-requests/2.31.0" "-"
172.18.0.2 - - [23/Mar/2024:07:13:47 +0000] "POST /api/judge_server_heartbeat/ HTTP/1.1" 200 39 "-" "python-requests/2.31.0" "-"
172.18.0.2 - - [23/Mar/2024:07:13:53 +0000] "POST /api/judge_server_heartbeat/ HTTP/1.1" 200 39 "-" "python-requests/2.31.0" "-"
172.18.0.2 - - [23/Mar/2024:07:13:58 +0000] "POST /api/judge_server_heartbeat/ HTTP/1.1" 200 39 "-" "python-requests/2.31.0" "-"
172.18.0.2 - - [23/Mar/2024:07:14:03 +0000] "POST /api/judge_server_heartbeat/ HTTP/1.1" 200 39 "-" "python-requests/2.31.0" "-"
172.18.0.2 - - [23/Mar/2024:07:14:08 +0000] "POST /api/judge_server_heartbeat/ HTTP/1.1" 200 39 "-" "python-requests/2.31.0" "-"
172.18.0.2 - - [23/Mar/2024:07:14:14 +0000] "POST /api/judge_server_heartbeat/ HTTP/1.1" 200 39 "-" "python-requests/2.31.0" "-"
172.18.0.2 - - [23/Mar/2024:07:14:19 +0000] "POST /api/judge_server_heartbeat/ HTTP/1.1" 200 39 "-" "python-requests/2.31.0" "-"
172.18.0.2 - - [23/Mar/2024:07:14:24 +0000] "POST /api/judge_server_heartbeat/ HTTP/1.1" 200 39 "-" "python-requests/2.31.0" "-"
172.18.0.2 - - [23/Mar/2024:07:14:29 +0000] "POST /api/judge_server_heartbeat/ HTTP/1.1" 200 39 "-" "python-requests/2.31.0" "-"
172.18.0.2 - - [23/Mar/2024:07:14:34 +0000] "POST /api/judge_server_heartbeat/ HTTP/1.1" 200 39 "-" "python-requests/2.31.0" "-"
172.18.0.2 - - [23/Mar/2024:07:14:40 +0000] "POST /api/judge_server_heartbeat/ HTTP/1.1" 200 39 "-" "python-requests/2.31.0" "-"
172.18.0.2 - - [23/Mar/2024:07:14:45 +0000] "POST /api/judge_server_heartbeat/ HTTP/1.1" 200 39 "-" "python-requests/2.31.0" "-"
172.18.0.2 - - [23/Mar/2024:07:14:50 +0000] "POST /api/judge_server_heartbeat/ HTTP/1.1" 200 39 "-" "python-requests/2.31.0" "-"
172.18.0.2 - - [23/Mar/2024:07:14:55 +0000] "POST /api/judge_server_heartbeat/ HTTP/1.1" 200 39 "-" "python-requests/2.31.0" "-"
172.18.0.2 - - [23/Mar/2024:07:15:01 +0000] "POST /api/judge_server_heartbeat/ HTTP/1.1" 200 39 "-" "python-requests/2.31.0" "-"
172.18.0.2 - - [23/Mar/2024:07:15:06 +0000] "POST /api/judge_server_heartbeat/ HTTP/1.1" 200 39 "-" "python-requests/2.31.0" "-"
172.18.0.2 - - [23/Mar/2024:07:15:11 +0000] "POST /api/judge_server_heartbeat/ HTTP/1.1" 200 39 "-" "python-requests/2.31.0" "-"
172.18.0.2 - - [23/Mar/2024:07:15:16 +0000] "POST /api/judge_server_heartbeat/ HTTP/1.1" 200 39 "-" "python-requests/2.31.0" "-"
172.18.0.2 - - [23/Mar/2024:07:15:22 +0000] "POST /api/judge_server_heartbeat/ HTTP/1.1" 200 39 "-" "python-requests/2.31.0" "-"
172.18.0.2 - - [23/Mar/2024:07:15:27 +0000] "POST /api/judge_server_heartbeat/ HTTP/1.1" 200 39 "-" "python-requests/2.31.0" "-"
172.18.0.2 - - [23/Mar/2024:07:15:32 +0000] "POST /api/judge_server_heartbeat/ HTTP/1.1" 200 39 "-" "python-requests/2.31.0" "-"
172.18.0.2 - - [23/Mar/2024:07:15:37 +0000] "POST /api/judge_server_heartbeat/ HTTP/1.1" 200 39 "-" "python-requests/2.31.0" "-"
172.18.0.2 - - [23/Mar/2024:07:15:42 +0000] "POST /api/judge_server_heartbeat/ HTTP/1.1" 200 39 "-" "python-requests/2.31.0" "-"
172.18.0.2 - - [23/Mar/2024:07:15:48 +0000] "POST /api/judge_server_heartbeat/ HTTP/1.1" 200 39 "-" "python-requests/2.31.0" "-"
172.18.0.2 - - [23/Mar/2024:07:15:53 +0000] "POST /api/judge_server_heartbeat/ HTTP/1.1" 200 39 "-" "python-requests/2.31.0" "-"
172.18.0.2 - - [23/Mar/2024:07:15:58 +0000] "POST /api/judge_server_heartbeat/ HTTP/1.1" 200 39 "-" "python-requests/2.31.0" "-"
172.18.0.2 - - [23/Mar/2024:07:16:03 +0000] "POST /api/judge_server_heartbeat/ HTTP/1.1" 200 39 "-" "python-requests/2.31.0" "-"
172.18.0.2 - - [23/Mar/2024:07:16:09 +0000] "POST /api/judge_server_heartbeat/ HTTP/1.1" 200 39 "-" "python-requests/2.31.0" "-"
172.18.0.2 - - [23/Mar/2024:07:16:14 +0000] "POST /api/judge_server_heartbeat/ HTTP/1.1" 200 39 "-" "python-requests/2.31.0" "-"
172.18.0.2 - - [23/Mar/2024:07:16:19 +0000] "POST /api/judge_server_heartbeat/ HTTP/1.1" 200 39 "-" "python-requests/2.31.0" "-"
172.18.0.2 - - [23/Mar/2024:07:16:24 +0000] "POST /api/judge_server_heartbeat/ HTTP/1.1" 200 39 "-" "python-requests/2.31.0" "-"
172.18.0.2 - - [23/Mar/2024:07:16:30 +0000] "POST /api/judge_server_heartbeat/ HTTP/1.1" 200 39 "-" "python-requests/2.31.0" "-"
172.18.0.2 - - [23/Mar/2024:07:16:35 +0000] "POST /api/judge_server_heartbeat/ HTTP/1.1" 200 39 "-" "python-requests/2.31.0" "-"
172.18.0.2 - - [23/Mar/2024:07:16:40 +0000] "POST /api/judge_server_heartbeat/ HTTP/1.1" 200 39 "-" "python-requests/2.31.0" "-"
172.18.0.2 - - [23/Mar/2024:07:16:45 +0000] "POST /api/judge_server_heartbeat/ HTTP/1.1" 200 39 "-" "python-requests/2.31.0" "-"
172.18.0.2 - - [23/Mar/2024:07:16:51 +0000] "POST /api/judge_server_heartbeat/ HTTP/1.1" 200 39 "-" "python-requests/2.31.0" "-"
172.18.0.2 - - [23/Mar/2024:07:16:56 +0000] "POST /api/judge_server_heartbeat/ HTTP/1.1" 200 39 "-" "python-requests/2.31.0" "-"
172.18.0.2 - - [23/Mar/2024:07:17:01 +0000] "POST /api/judge_server_heartbeat/ HTTP/1.1" 200 39 "-" "python-requests/2.31.0" "-"
172.18.0.2 - - [23/Mar/2024:07:17:07 +0000] "POST /api/judge_server_heartbeat/ HTTP/1.1" 200 39 "-" "python-requests/2.31.0" "-"
172.18.0.2 - - [23/Mar/2024:07:17:12 +0000] "POST /api/judge_server_heartbeat/ HTTP/1.1" 200 39 "-" "python-requests/2.31.0" "-"
172.18.0.2 - - [23/Mar/2024:07:17:17 +0000] "POST /api/judge_server_heartbeat/ HTTP/1.1" 200 39 "-" "python-requests/2.31.0" "-"
172.18.0.2 - - [23/Mar/2024:07:17:22 +0000] "POST /api/judge_server_heartbeat/ HTTP/1.1" 200 39 "-" "python-requests/2.31.0" "-"
172.18.0.2 - - [23/Mar/2024:07:17:27 +0000] "POST /api/judge_server_heartbeat/ HTTP/1.1" 200 39 "-" "python-requests/2.31.0" "-"
172.18.0.2 - - [23/Mar/2024:07:17:33 +0000] "POST /api/judge_server_heartbeat/ HTTP/1.1" 200 39 "-" "python-requests/2.31.0" "-"
172.18.0.2 - - [23/Mar/2024:07:17:38 +0000] "POST /api/judge_server_heartbeat/ HTTP/1.1" 200 39 "-" "python-requests/2.31.0" "-"
172.18.0.2 - - [23/Mar/2024:07:17:43 +0000] "POST /api/judge_server_heartbeat/ HTTP/1.1" 200 39 "-" "python-requests/2.31.0" "-"
172.18.0.2 - - [23/Mar/2024:07:17:48 +0000] "POST /api/judge_server_heartbeat/ HTTP/1.1" 200 39 "-" "python-requests/2.31.0" "-"
172.18.0.2 - - [23/Mar/2024:07:17:54 +0000] "POST /api/judge_server_heartbeat/ HTTP/1.1" 200 39 "-" "python-requests/2.31.0" "-"
172.18.0.2 - - [23/Mar/2024:07:17:59 +0000] "POST /api/judge_server_heartbeat/ HTTP/1.1" 200 39 "-" "python-requests/2.31.0" "-"
172.18.0.2 - - [23/Mar/2024:07:18:04 +0000] "POST /api/judge_server_heartbeat/ HTTP/1.1" 200 39 "-" "python-requests/2.31.0" "-"
172.18.0.2 - - [23/Mar/2024:07:18:09 +0000] "POST /api/judge_server_heartbeat/ HTTP/1.1" 200 39 "-" "python-requests/2.31.0" "-"
194.120.230.94 - - [23/Mar/2024:07:18:10 +0000] "GET / HTTP/1.1" 200 509 "-" "Mozilla/5.0 (Windows NT 10.0; Win64; x64) AppleWebKit/537.36 (KHTML, like Gecko) Chrome/90.0.4430.85 Safari/537.36 Edg/90.0.818.46" "-"
172.18.0.2 - - [23/Mar/2024:07:18:15 +0000] "POST /api/judge_server_heartbeat/ HTTP/1.1" 200 39 "-" "python-requests/2.31.0" "-"
172.18.0.2 - - [23/Mar/2024:07:18:20 +0000] "POST /api/judge_server_heartbeat/ HTTP/1.1" 200 39 "-" "python-requests/2.31.0" "-"
172.18.0.2 - - [23/Mar/2024:07:18:25 +0000] "POST /api/judge_server_heartbeat/ HTTP/1.1" 200 39 "-" "python-requests/2.31.0" "-"
172.18.0.2 - - [23/Mar/2024:07:18:30 +0000] "POST /api/judge_server_heartbeat/ HTTP/1.1" 200 39 "-" "python-requests/2.31.0" "-"
172.18.0.2 - - [23/Mar/2024:07:18:35 +0000] "POST /api/judge_server_heartbeat/ HTTP/1.1" 200 39 "-" "python-requests/2.31.0" "-"
172.18.0.2 - - [23/Mar/2024:07:18:41 +0000] "POST /api/judge_server_heartbeat/ HTTP/1.1" 200 39 "-" "python-requests/2.31.0" "-"
172.18.0.2 - - [23/Mar/2024:07:18:46 +0000] "POST /api/judge_server_heartbeat/ HTTP/1.1" 200 39 "-" "python-requests/2.31.0" "-"
172.18.0.2 - - [23/Mar/2024:07:18:51 +0000] "POST /api/judge_server_heartbeat/ HTTP/1.1" 200 39 "-" "python-requests/2.31.0" "-"
172.18.0.2 - - [23/Mar/2024:07:18:56 +0000] "POST /api/judge_server_heartbeat/ HTTP/1.1" 200 39 "-" "python-requests/2.31.0" "-"
172.18.0.2 - - [23/Mar/2024:07:19:02 +0000] "POST /api/judge_server_heartbeat/ HTTP/1.1" 200 39 "-" "python-requests/2.31.0" "-"
172.18.0.2 - - [23/Mar/2024:07:19:07 +0000] "POST /api/judge_server_heartbeat/ HTTP/1.1" 200 39 "-" "python-requests/2.31.0" "-"
172.18.0.2 - - [23/Mar/2024:07:19:12 +0000] "POST /api/judge_server_heartbeat/ HTTP/1.1" 200 39 "-" "python-requests/2.31.0" "-"
172.18.0.2 - - [23/Mar/2024:07:19:17 +0000] "POST /api/judge_server_heartbeat/ HTTP/1.1" 200 39 "-" "python-requests/2.31.0" "-"
172.18.0.2 - - [23/Mar/2024:07:19:23 +0000] "POST /api/judge_server_heartbeat/ HTTP/1.1" 200 39 "-" "python-requests/2.31.0" "-"
172.18.0.2 - - [23/Mar/2024:07:19:28 +0000] "POST /api/judge_server_heartbeat/ HTTP/1.1" 200 39 "-" "python-requests/2.31.0" "-"
172.18.0.2 - - [23/Mar/2024:07:19:33 +0000] "POST /api/judge_server_heartbeat/ HTTP/1.1" 200 39 "-" "python-requests/2.31.0" "-"
172.18.0.2 - - [23/Mar/2024:07:19:38 +0000] "POST /api/judge_server_heartbeat/ HTTP/1.1" 200 39 "-" "python-requests/2.31.0" "-"
172.18.0.2 - - [23/Mar/2024:07:19:44 +0000] "POST /api/judge_server_heartbeat/ HTTP/1.1" 200 39 "-" "python-requests/2.31.0" "-"
172.18.0.2 - - [23/Mar/2024:07:19:49 +0000] "POST /api/judge_server_heartbeat/ HTTP/1.1" 200 39 "-" "python-requests/2.31.0" "-"
172.18.0.2 - - [23/Mar/2024:07:19:54 +0000] "POST /api/judge_server_heartbeat/ HTTP/1.1" 200 39 "-" "python-requests/2.31.0" "-"
172.18.0.2 - - [23/Mar/2024:07:19:59 +0000] "POST /api/judge_server_heartbeat/ HTTP/1.1" 200 39 "-" "python-requests/2.31.0" "-"
172.18.0.2 - - [23/Mar/2024:07:20:04 +0000] "POST /api/judge_server_heartbeat/ HTTP/1.1" 200 39 "-" "python-requests/2.31.0" "-"
172.18.0.2 - - [23/Mar/2024:07:20:10 +0000] "POST /api/judge_server_heartbeat/ HTTP/1.1" 200 39 "-" "python-requests/2.31.0" "-"
172.18.0.2 - - [23/Mar/2024:07:20:15 +0000] "POST /api/judge_server_heartbeat/ HTTP/1.1" 200 39 "-" "python-requests/2.31.0" "-"
172.18.0.2 - - [23/Mar/2024:07:20:20 +0000] "POST /api/judge_server_heartbeat/ HTTP/1.1" 200 39 "-" "python-requests/2.31.0" "-"
172.18.0.2 - - [23/Mar/2024:07:20:25 +0000] "POST /api/judge_server_heartbeat/ HTTP/1.1" 200 39 "-" "python-requests/2.31.0" "-"
172.18.0.2 - - [23/Mar/2024:07:20:31 +0000] "POST /api/judge_server_heartbeat/ HTTP/1.1" 200 39 "-" "python-requests/2.31.0" "-"
172.18.0.2 - - [23/Mar/2024:07:20:36 +0000] "POST /api/judge_server_heartbeat/ HTTP/1.1" 200 39 "-" "python-requests/2.31.0" "-"
180.101.245.252 - - [23/Mar/2024:07:20:40 +0000] "GET /api/sessions HTTP/1.1" 200 70 "http://49.233.190.181/admin/" "Mozilla/5.0 (Windows NT 10.0; Win64; x64) AppleWebKit/537.36 (KHTML, like Gecko) Chrome/123.0.0.0 Safari/537.36" "-"
172.18.0.2 - - [23/Mar/2024:07:20:41 +0000] "POST /api/judge_server_heartbeat/ HTTP/1.1" 200 39 "-" "python-requests/2.31.0" "-"
172.18.0.2 - - [23/Mar/2024:07:20:46 +0000] "POST /api/judge_server_heartbeat/ HTTP/1.1" 200 39 "-" "python-requests/2.31.0" "-"
172.18.0.2 - - [23/Mar/2024:07:20:52 +0000] "POST /api/judge_server_heartbeat/ HTTP/1.1" 200 39 "-" "python-requests/2.31.0" "-"
172.18.0.2 - - [23/Mar/2024:07:20:57 +0000] "POST /api/judge_server_heartbeat/ HTTP/1.1" 200 39 "-" "python-requests/2.31.0" "-"
172.18.0.2 - - [23/Mar/2024:07:21:02 +0000] "POST /api/judge_server_heartbeat/ HTTP/1.1" 200 39 "-" "python-requests/2.31.0" "-"
172.18.0.2 - - [23/Mar/2024:07:21:07 +0000] "POST /api/judge_server_heartbeat/ HTTP/1.1" 200 39 "-" "python-requests/2.31.0" "-"
172.18.0.2 - - [23/Mar/2024:07:21:13 +0000] "POST /api/judge_server_heartbeat/ HTTP/1.1" 200 39 "-" "python-requests/2.31.0" "-"
172.18.0.2 - - [23/Mar/2024:07:21:18 +0000] "POST /api/judge_server_heartbeat/ HTTP/1.1" 200 39 "-" "python-requests/2.31.0" "-"
172.18.0.2 - - [23/Mar/2024:07:21:23 +0000] "POST /api/judge_server_heartbeat/ HTTP/1.1" 200 39 "-" "python-requests/2.31.0" "-"
59.83.208.103 - - [23/Mar/2024:07:21:27 +0000] "GET /static/fonts/ionicons.24712f6.ttf HTTP/1.1" 200 188508 "http://49.233.190.181/static/css/oj.e528b7757449fd797dc176fcd01acac1.css" "Mozilla/5.0 (Windows NT 10.0; Win64; x64) AppleWebKit/537.36 (KHTML, like Gecko) Chrome/123.0.0.0 Safari/537.36" "-"
172.18.0.2 - - [23/Mar/2024:07:21:28 +0000] "POST /api/judge_server_heartbeat/ HTTP/1.1" 200 39 "-" "python-requests/2.31.0" "-"
172.18.0.2 - - [23/Mar/2024:07:21:34 +0000] "POST /api/judge_server_heartbeat/ HTTP/1.1" 200 39 "-" "python-requests/2.31.0" "-"
111.30.224.142 - - [23/Mar/2024:07:21:35 +0000] "POST /api/admin/test_case HTTP/1.1" 200 2388 "http://49.233.190.181/admin/problem/create" "Mozilla/5.0 (Windows NT 10.0; Win64; x64) AppleWebKit/537.36 (KHTML, like Gecko) Chrome/123.0.0.0 Safari/537.36" "-"
172.18.0.2 - - [23/Mar/2024:07:21:39 +0000] "POST /api/judge_server_heartbeat/ HTTP/1.1" 200 39 "-" "python-requests/2.31.0" "-"
172.18.0.2 - - [23/Mar/2024:07:21:44 +0000] "POST /api/judge_server_heartbeat/ HTTP/1.1" 200 39 "-" "python-requests/2.31.0" "-"
172.18.0.2 - - [23/Mar/2024:07:21:49 +0000] "POST /api/judge_server_heartbeat/ HTTP/1.1" 200 39 "-" "python-requests/2.31.0" "-"
220.196.160.146 - - [23/Mar/2024:07:21:51 +0000] "GET /admin/ HTTP/1.1" 200 460 "http://49.233.190.181/problem" "Mozilla/5.0 (Windows NT 10.0; Win64; x64) AppleWebKit/537.36 (KHTML, like Gecko) Chrome/123.0.0.0 Safari/537.36" "-"
193.112.129.180 - - [23/Mar/2024:07:21:51 +0000] "GET /static/js/vendor.dll.b64803b.js HTTP/1.1" 200 110541 "-" "Go-http-client/1.1" "-"
193.112.129.180 - - [23/Mar/2024:07:21:51 +0000] "GET /static/js/vendor.dll.b64803b.js HTTP/1.1" 200 110541 "-" "Go-http-client/1.1" "-"
193.112.129.180 - - [23/Mar/2024:07:21:51 +0000] "GET /static/js/manifest.fcad483b656bd3e2ef43.js HTTP/1.1" 200 902 "-" "Go-http-client/1.1" "-"
220.196.160.154 - - [23/Mar/2024:07:21:51 +0000] "GET /admin/ HTTP/1.1" 200 460 "http://49.233.190.181/problem" "Mozilla/5.0 (Windows NT 10.0; Win64; x64) AppleWebKit/537.36 (KHTML, like Gecko) Chrome/123.0.0.0 Safari/537.36" "-"
220.196.160.154 - - [23/Mar/2024:07:21:51 +0000] "GET /static/css/vendor.85055a479e1ae7522d5e23653d0415d3.css HTTP/1.1" 200 52092 "http://49.233.190.181/admin/" "Mozilla/5.0 (Windows NT 10.0; Win64; x64) AppleWebKit/537.36 (KHTML, like Gecko) Chrome/123.0.0.0 Safari/537.36" "-"
220.196.160.95 - - [23/Mar/2024:07:21:51 +0000] "GET /static/js/manifest.fcad483b656bd3e2ef43.js HTTP/1.1" 200 902 "http://49.233.190.181/admin/" "Mozilla/5.0 (Windows NT 10.0; Win64; x64) AppleWebKit/537.36 (KHTML, like Gecko) Chrome/123.0.0.0 Safari/537.36" "-"
220.196.160.151 - - [23/Mar/2024:07:21:51 +0000] "GET /static/js/vendor.dll.b64803b.js HTTP/1.1" 200 110541 "http://49.233.190.181/admin/" "Mozilla/5.0 (Windows NT 10.0; Win64; x64) AppleWebKit/537.36 (KHTML, like Gecko) Chrome/123.0.0.0 Safari/537.36" "-"
220.196.160.73 - - [23/Mar/2024:07:21:52 +0000] "GET /static/css/admin.1c2888abefbec80effd292e5ee7af25e.css HTTP/1.1" 200 73780 "http://49.233.190.181/admin/" "Mozilla/5.0 (Windows NT 10.0; Win64; x64) AppleWebKit/537.36 (KHTML, like Gecko) Chrome/123.0.0.0 Safari/537.36" "-"
220.196.160.117 - - [23/Mar/2024:07:21:52 +0000] "GET /static/js/vendor.6661a4fce9661688886e.js HTTP/1.1" 200 154954 "http://49.233.190.181/admin/" "Mozilla/5.0 (Windows NT 10.0; Win64; x64) AppleWebKit/537.36 (KHTML, like Gecko) Chrome/123.0.0.0 Safari/537.36" "-"
220.196.160.73 - - [23/Mar/2024:07:21:52 +0000] "GET /static/js/admin.8b1aa9639af6d06d4aa7.js HTTP/1.1" 200 523975 "http://49.233.190.181/admin/" "Mozilla/5.0 (Windows NT 10.0; Win64; x64) AppleWebKit/537.36 (KHTML, like Gecko) Chrome/123.0.0.0 Safari/537.36" "-"
220.196.160.73 - - [23/Mar/2024:07:21:53 +0000] "GET /api/profile HTTP/1.1" 200 39 "http://49.233.190.181/admin/" "Mozilla/5.0 (Windows NT 10.0; Win64; x64) AppleWebKit/537.36 (KHTML, like Gecko) Chrome/123.0.0.0 Safari/537.36" "-"
172.18.0.2 - - [23/Mar/2024:07:21:55 +0000] "POST /api/judge_server_heartbeat/ HTTP/1.1" 200 39 "-" "python-requests/2.31.0" "-"
172.18.0.2 - - [23/Mar/2024:07:22:00 +0000] "POST /api/judge_server_heartbeat/ HTTP/1.1" 200 39 "-" "python-requests/2.31.0" "-"
172.18.0.2 - - [23/Mar/2024:07:22:05 +0000] "POST /api/judge_server_heartbeat/ HTTP/1.1" 200 39 "-" "python-requests/2.31.0" "-"
172.18.0.2 - - [23/Mar/2024:07:22:10 +0000] "POST /api/judge_server_heartbeat/ HTTP/1.1" 200 39 "-" "python-requests/2.31.0" "-"
172.18.0.2 - - [23/Mar/2024:07:22:16 +0000] "POST /api/judge_server_heartbeat/ HTTP/1.1" 200 39 "-" "python-requests/2.31.0" "-"
172.18.0.2 - - [23/Mar/2024:07:22:21 +0000] "POST /api/judge_server_heartbeat/ HTTP/1.1" 200 39 "-" "python-requests/2.31.0" "-"
172.18.0.2 - - [23/Mar/2024:07:22:26 +0000] "POST /api/judge_server_heartbeat/ HTTP/1.1" 200 39 "-" "python-requests/2.31.0" "-"
172.18.0.2 - - [23/Mar/2024:07:22:31 +0000] "POST /api/judge_server_heartbeat/ HTTP/1.1" 200 39 "-" "python-requests/2.31.0" "-"
172.18.0.2 - - [23/Mar/2024:07:22:36 +0000] "POST /api/judge_server_heartbeat/ HTTP/1.1" 200 39 "-" "python-requests/2.31.0" "-"
172.18.0.2 - - [23/Mar/2024:07:22:42 +0000] "POST /api/judge_server_heartbeat/ HTTP/1.1" 200 39 "-" "python-requests/2.31.0" "-"
111.30.224.142 - - [23/Mar/2024:07:22:45 +0000] "POST /api/admin/test_case HTTP/1.1" 200 2640 "http://49.233.190.181/admin/problem/create" "Mozilla/5.0 (Windows NT 10.0; Win64; x64) AppleWebKit/537.36 (KHTML, like Gecko) Chrome/123.0.0.0 Safari/537.36" "-"
172.18.0.2 - - [23/Mar/2024:07:22:47 +0000] "POST /api/judge_server_heartbeat/ HTTP/1.1" 200 39 "-" "python-requests/2.31.0" "-"
172.18.0.2 - - [23/Mar/2024:07:22:52 +0000] "POST /api/judge_server_heartbeat/ HTTP/1.1" 200 39 "-" "python-requests/2.31.0" "-"
111.30.224.142 - - [23/Mar/2024:07:22:56 +0000] "GET /api/problem/tags?keyword=%E5%95%8A HTTP/1.1" 200 37 "http://49.233.190.181/admin/problem/create" "Mozilla/5.0 (Windows NT 10.0; Win64; x64) AppleWebKit/537.36 (KHTML, like Gecko) Chrome/123.0.0.0 Safari/537.36" "-"
172.18.0.2 - - [23/Mar/2024:07:22:57 +0000] "POST /api/judge_server_heartbeat/ HTTP/1.1" 200 39 "-" "python-requests/2.31.0" "-"
111.30.224.142 - - [23/Mar/2024:07:22:58 +0000] "GET /api/problem/tags?keyword=eay HTTP/1.1" 200 37 "http://49.233.190.181/admin/problem/create" "Mozilla/5.0 (Windows NT 10.0; Win64; x64) AppleWebKit/537.36 (KHTML, like Gecko) Chrome/123.0.0.0 Safari/537.36" "-"
111.30.224.142 - - [23/Mar/2024:07:22:59 +0000] "GET /api/problem/tags?keyword=eas HTTP/1.1" 200 37 "http://49.233.190.181/admin/problem/create" "Mozilla/5.0 (Windows NT 10.0; Win64; x64) AppleWebKit/537.36 (KHTML, like Gecko) Chrome/123.0.0.0 Safari/537.36" "-"
111.30.224.142 - - [23/Mar/2024:07:23:00 +0000] "GET /api/problem/tags?keyword=test HTTP/1.1" 200 37 "http://49.233.190.181/admin/problem/create" "Mozilla/5.0 (Windows NT 10.0; Win64; x64) AppleWebKit/537.36 (KHTML, like Gecko) Chrome/123.0.0.0 Safari/537.36" "-"
172.18.0.2 - - [23/Mar/2024:07:23:03 +0000] "POST /api/judge_server_heartbeat/ HTTP/1.1" 200 39 "-" "python-requests/2.31.0" "-"
111.30.224.142 - - [23/Mar/2024:07:23:07 +0000] "GET /api/problem/tags?keyword=%2Btest HTTP/1.1" 200 37 "http://49.233.190.181/admin/problem/create" "Mozilla/5.0 (Windows NT 10.0; Win64; x64) AppleWebKit/537.36 (KHTML, like Gecko) Chrome/123.0.0.0 Safari/537.36" "-"
172.18.0.2 - - [23/Mar/2024:07:23:08 +0000] "POST /api/judge_server_heartbeat/ HTTP/1.1" 200 39 "-" "python-requests/2.31.0" "-"
111.30.224.142 - - [23/Mar/2024:07:23:13 +0000] "GET /api/problem/tags?keyword=%22 HTTP/1.1" 200 37 "http://49.233.190.181/admin/problem/create" "Mozilla/5.0 (Windows NT 10.0; Win64; x64) AppleWebKit/537.36 (KHTML, like Gecko) Chrome/123.0.0.0 Safari/537.36" "-"
172.18.0.2 - - [23/Mar/2024:07:23:13 +0000] "POST /api/judge_server_heartbeat/ HTTP/1.1" 200 39 "-" "python-requests/2.31.0" "-"
111.30.224.142 - - [23/Mar/2024:07:23:15 +0000] "GET /api/problem/tags?keyword=%22test HTTP/1.1" 200 37 "http://49.233.190.181/admin/problem/create" "Mozilla/5.0 (Windows NT 10.0; Win64; x64) AppleWebKit/537.36 (KHTML, like Gecko) Chrome/123.0.0.0 Safari/537.36" "-"
111.30.224.142 - - [23/Mar/2024:07:23:16 +0000] "GET /api/problem/tags?keyword=%22test%22 HTTP/1.1" 200 37 "http://49.233.190.181/admin/problem/create" "Mozilla/5.0 (Windows NT 10.0; Win64; x64) AppleWebKit/537.36 (KHTML, like Gecko) Chrome/123.0.0.0 Safari/537.36" "-"
172.18.0.2 - - [23/Mar/2024:07:23:18 +0000] "POST /api/judge_server_heartbeat/ HTTP/1.1" 200 39 "-" "python-requests/2.31.0" "-"
172.18.0.2 - - [23/Mar/2024:07:23:24 +0000] "POST /api/judge_server_heartbeat/ HTTP/1.1" 200 39 "-" "python-requests/2.31.0" "-"
172.18.0.2 - - [23/Mar/2024:07:23:29 +0000] "POST /api/judge_server_heartbeat/ HTTP/1.1" 200 39 "-" "python-requests/2.31.0" "-"
111.30.224.142 - - [23/Mar/2024:07:23:30 +0000] "GET /api/pickone HTTP/1.1" 200 58 "http://49.233.190.181/problem" "Mozilla/5.0 (Windows NT 10.0; Win64; x64) AppleWebKit/537.36 (KHTML, like Gecko) Chrome/123.0.0.0 Safari/537.36" "-"
111.30.224.142 - - [23/Mar/2024:07:23:31 +0000] "GET /api/pickone HTTP/1.1" 200 58 "http://49.233.190.181/problem" "Mozilla/5.0 (Windows NT 10.0; Win64; x64) AppleWebKit/537.36 (KHTML, like Gecko) Chrome/123.0.0.0 Safari/537.36" "-"
172.18.0.2 - - [23/Mar/2024:07:23:34 +0000] "POST /api/judge_server_heartbeat/ HTTP/1.1" 200 39 "-" "python-requests/2.31.0" "-"
111.30.224.142 - - [23/Mar/2024:07:23:35 +0000] "GET /api/submissions?myself=0&result=&username=&page=1&limit=12&offset=0 HTTP/1.1" 200 84 "http://49.233.190.181/status" "Mozilla/5.0 (Windows NT 10.0; Win64; x64) AppleWebKit/537.36 (KHTML, like Gecko) Chrome/123.0.0.0 Safari/537.36" "-"
172.18.0.2 - - [23/Mar/2024:07:23:39 +0000] "POST /api/judge_server_heartbeat/ HTTP/1.1" 200 39 "-" "python-requests/2.31.0" "-"
111.30.224.142 - - [23/Mar/2024:07:23:44 +0000] "GET /api/languages HTTP/1.1" 200 13989 "http://49.233.190.181/admin/problem/create" "Mozilla/5.0 (Windows NT 10.0; Win64; x64) AppleWebKit/537.36 (KHTML, like Gecko) Chrome/123.0.0.0 Safari/537.36" "-"
172.18.0.2 - - [23/Mar/2024:07:23:44 +0000] "POST /api/judge_server_heartbeat/ HTTP/1.1" 200 39 "-" "python-requests/2.31.0" "-"
111.30.224.142 - - [23/Mar/2024:07:23:49 +0000] "GET /api/problem/tags?keyword=eqw HTTP/1.1" 200 37 "http://49.233.190.181/admin/problem/create" "Mozilla/5.0 (Windows NT 10.0; Win64; x64) AppleWebKit/537.36 (KHTML, like Gecko) Chrome/123.0.0.0 Safari/537.36" "-"
172.18.0.2 - - [23/Mar/2024:07:23:50 +0000] "POST /api/judge_server_heartbeat/ HTTP/1.1" 200 39 "-" "python-requests/2.31.0" "-"
172.18.0.2 - - [23/Mar/2024:07:23:55 +0000] "POST /api/judge_server_heartbeat/ HTTP/1.1" 200 39 "-" "python-requests/2.31.0" "-"
172.18.0.2 - - [23/Mar/2024:07:24:00 +0000] "POST /api/judge_server_heartbeat/ HTTP/1.1" 200 39 "-" "python-requests/2.31.0" "-"
111.30.224.142 - - [23/Mar/2024:07:24:01 +0000] "GET /api/problem/tags?keyword=test HTTP/1.1" 200 37 "http://49.233.190.181/admin/problem/create" "Mozilla/5.0 (Windows NT 10.0; Win64; x64) AppleWebKit/537.36 (KHTML, like Gecko) Chrome/123.0.0.0 Safari/537.36" "-"
172.18.0.2 - - [23/Mar/2024:07:24:05 +0000] "POST /api/judge_server_heartbeat/ HTTP/1.1" 200 39 "-" "python-requests/2.31.0" "-"
172.18.0.2 - - [23/Mar/2024:07:24:11 +0000] "POST /api/judge_server_heartbeat/ HTTP/1.1" 200 39 "-" "python-requests/2.31.0" "-"
172.18.0.2 - - [23/Mar/2024:07:24:16 +0000] "POST /api/judge_server_heartbeat/ HTTP/1.1" 200 39 "-" "python-requests/2.31.0" "-"
172.18.0.2 - - [23/Mar/2024:07:24:21 +0000] "POST /api/judge_server_heartbeat/ HTTP/1.1" 200 39 "-" "python-requests/2.31.0" "-"
111.30.224.142 - - [23/Mar/2024:07:24:21 +0000] "GET /admin/problem/create HTTP/1.1" 200 460 "http://49.233.190.181/setting/profile" "Mozilla/5.0 (Windows NT 10.0; Win64; x64) AppleWebKit/537.36 (KHTML, like Gecko) Chrome/123.0.0.0 Safari/537.36" "-"
111.30.224.142 - - [23/Mar/2024:07:24:21 +0000] "GET /static/css/vendor.85055a479e1ae7522d5e23653d0415d3.css HTTP/1.1" 304 0 "http://49.233.190.181/admin/problem/create" "Mozilla/5.0 (Windows NT 10.0; Win64; x64) AppleWebKit/537.36 (KHTML, like Gecko) Chrome/123.0.0.0 Safari/537.36" "-"
111.30.224.142 - - [23/Mar/2024:07:24:21 +0000] "GET /static/css/admin.1c2888abefbec80effd292e5ee7af25e.css HTTP/1.1" 304 0 "http://49.233.190.181/admin/problem/create" "Mozilla/5.0 (Windows NT 10.0; Win64; x64) AppleWebKit/537.36 (KHTML, like Gecko) Chrome/123.0.0.0 Safari/537.36" "-"
111.30.224.142 - - [23/Mar/2024:07:24:21 +0000] "GET /static/js/manifest.fcad483b656bd3e2ef43.js HTTP/1.1" 304 0 "http://49.233.190.181/admin/problem/create" "Mozilla/5.0 (Windows NT 10.0; Win64; x64) AppleWebKit/537.36 (KHTML, like Gecko) Chrome/123.0.0.0 Safari/537.36" "-"
111.30.224.142 - - [23/Mar/2024:07:24:21 +0000] "GET /static/js/admin.8b1aa9639af6d06d4aa7.js HTTP/1.1" 304 0 "http://49.233.190.181/admin/problem/create" "Mozilla/5.0 (Windows NT 10.0; Win64; x64) AppleWebKit/537.36 (KHTML, like Gecko) Chrome/123.0.0.0 Safari/537.36" "-"
111.30.224.142 - - [23/Mar/2024:07:24:21 +0000] "GET /static/js/vendor.dll.b64803b.js HTTP/1.1" 304 0 "http://49.233.190.181/admin/problem/create" "Mozilla/5.0 (Windows NT 10.0; Win64; x64) AppleWebKit/537.36 (KHTML, like Gecko) Chrome/123.0.0.0 Safari/537.36" "-"
111.30.224.142 - - [23/Mar/2024:07:24:21 +0000] "GET /static/js/vendor.6661a4fce9661688886e.js HTTP/1.1" 304 0 "http://49.233.190.181/admin/problem/create" "Mozilla/5.0 (Windows NT 10.0; Win64; x64) AppleWebKit/537.36 (KHTML, like Gecko) Chrome/123.0.0.0 Safari/537.36" "-"
111.30.224.142 - - [23/Mar/2024:07:24:22 +0000] "GET /api/profile HTTP/1.1" 200 839 "http://49.233.190.181/admin/problem/create" "Mozilla/5.0 (Windows NT 10.0; Win64; x64) AppleWebKit/537.36 (KHTML, like Gecko) Chrome/123.0.0.0 Safari/537.36" "-"
111.30.224.142 - - [23/Mar/2024:07:24:22 +0000] "GET /static/fonts/element-icons.535877f.woff HTTP/1.1" 304 0 "http://49.233.190.181/static/css/admin.1c2888abefbec80effd292e5ee7af25e.css" "Mozilla/5.0 (Windows NT 10.0; Win64; x64) AppleWebKit/537.36 (KHTML, like Gecko) Chrome/123.0.0.0 Safari/537.36" "-"
111.30.224.142 - - [23/Mar/2024:07:24:22 +0000] "GET /static/fonts/fontawesome-webfont.af7ae50.woff2 HTTP/1.1" 304 0 "http://49.233.190.181/static/css/admin.1c2888abefbec80effd292e5ee7af25e.css" "Mozilla/5.0 (Windows NT 10.0; Win64; x64) AppleWebKit/537.36 (KHTML, like Gecko) Chrome/123.0.0.0 Safari/537.36" "-"
111.30.224.142 - - [23/Mar/2024:07:24:22 +0000] "GET /api/languages HTTP/1.1" 200 13989 "http://49.233.190.181/admin/problem/create" "Mozilla/5.0 (Windows NT 10.0; Win64; x64) AppleWebKit/537.36 (KHTML, like Gecko) Chrome/123.0.0.0 Safari/537.36" "-"
172.18.0.2 - - [23/Mar/2024:07:24:26 +0000] "POST /api/judge_server_heartbeat/ HTTP/1.1" 200 39 "-" "python-requests/2.31.0" "-"
111.30.224.142 - - [23/Mar/2024:07:24:27 +0000] "GET /api/problem/tags?keyword=e HTTP/1.1" 200 37 "http://49.233.190.181/admin/problem/create" "Mozilla/5.0 (Windows NT 10.0; Win64; x64) AppleWebKit/537.36 (KHTML, like Gecko) Chrome/123.0.0.0 Safari/537.36" "-"
111.30.224.142 - - [23/Mar/2024:07:24:28 +0000] "GET /api/problem/tags?keyword=te HTTP/1.1" 200 37 "http://49.233.190.181/admin/problem/create" "Mozilla/5.0 (Windows NT 10.0; Win64; x64) AppleWebKit/537.36 (KHTML, like Gecko) Chrome/123.0.0.0 Safari/537.36" "-"
111.30.224.142 - - [23/Mar/2024:07:24:28 +0000] "GET /api/problem/tags?keyword=test HTTP/1.1" 200 37 "http://49.233.190.181/admin/problem/create" "Mozilla/5.0 (Windows NT 10.0; Win64; x64) AppleWebKit/537.36 (KHTML, like Gecko) Chrome/123.0.0.0 Safari/537.36" "-"
172.18.0.2 - - [23/Mar/2024:07:24:32 +0000] "POST /api/judge_server_heartbeat/ HTTP/1.1" 200 39 "-" "python-requests/2.31.0" "-"
172.18.0.2 - - [23/Mar/2024:07:24:37 +0000] "POST /api/judge_server_heartbeat/ HTTP/1.1" 200 39 "-" "python-requests/2.31.0" "-"
172.18.0.2 - - [23/Mar/2024:07:24:42 +0000] "POST /api/judge_server_heartbeat/ HTTP/1.1" 200 39 "-" "python-requests/2.31.0" "-"
172.18.0.2 - - [23/Mar/2024:07:24:47 +0000] "POST /api/judge_server_heartbeat/ HTTP/1.1" 200 39 "-" "python-requests/2.31.0" "-"
172.18.0.2 - - [23/Mar/2024:07:24:52 +0000] "POST /api/judge_server_heartbeat/ HTTP/1.1" 200 39 "-" "python-requests/2.31.0" "-"
111.30.224.142 - - [23/Mar/2024:07:24:53 +0000] "GET /public/website/favicon.ico HTTP/1.1" 200 67646 "http://49.233.190.181/admin/problem/create" "Mozilla/5.0 (Windows NT 10.0; Win64; x64) AppleWebKit/537.36 (KHTML, like Gecko) Chrome/123.0.0.0 Safari/537.36" "-"
172.18.0.2 - - [23/Mar/2024:07:24:58 +0000] "POST /api/judge_server_heartbeat/ HTTP/1.1" 200 39 "-" "python-requests/2.31.0" "-"
172.18.0.2 - - [23/Mar/2024:07:25:03 +0000] "POST /api/judge_server_heartbeat/ HTTP/1.1" 200 39 "-" "python-requests/2.31.0" "-"
172.18.0.2 - - [23/Mar/2024:07:25:08 +0000] "POST /api/judge_server_heartbeat/ HTTP/1.1" 200 39 "-" "python-requests/2.31.0" "-"
172.18.0.2 - - [23/Mar/2024:07:25:13 +0000] "POST /api/judge_server_heartbeat/ HTTP/1.1" 200 39 "-" "python-requests/2.31.0" "-"
172.18.0.2 - - [23/Mar/2024:07:25:19 +0000] "POST /api/judge_server_heartbeat/ HTTP/1.1" 200 39 "-" "python-requests/2.31.0" "-"
172.18.0.2 - - [23/Mar/2024:07:25:24 +0000] "POST /api/judge_server_heartbeat/ HTTP/1.1" 200 39 "-" "python-requests/2.31.0" "-"
172.18.0.2 - - [23/Mar/2024:07:25:29 +0000] "POST /api/judge_server_heartbeat/ HTTP/1.1" 200 39 "-" "python-requests/2.31.0" "-"
172.18.0.2 - - [23/Mar/2024:07:25:34 +0000] "POST /api/judge_server_heartbeat/ HTTP/1.1" 200 39 "-" "python-requests/2.31.0" "-"
172.18.0.2 - - [23/Mar/2024:07:25:40 +0000] "POST /api/judge_server_heartbeat/ HTTP/1.1" 200 39 "-" "python-requests/2.31.0" "-"
172.18.0.2 - - [23/Mar/2024:07:25:45 +0000] "POST /api/judge_server_heartbeat/ HTTP/1.1" 200 39 "-" "python-requests/2.31.0" "-"
172.18.0.2 - - [23/Mar/2024:07:25:50 +0000] "POST /api/judge_server_heartbeat/ HTTP/1.1" 200 39 "-" "python-requests/2.31.0" "-"
172.18.0.2 - - [23/Mar/2024:07:25:55 +0000] "POST /api/judge_server_heartbeat/ HTTP/1.1" 200 39 "-" "python-requests/2.31.0" "-"
180.101.245.250 - - [23/Mar/2024:07:25:57 +0000] "GET /api/languages HTTP/1.1" 200 13989 "http://49.233.190.181/admin/problem/create" "Mozilla/5.0 (Windows NT 10.0; Win64; x64) AppleWebKit/537.36 (KHTML, like Gecko) Chrome/123.0.0.0 Safari/537.36" "-"
172.18.0.2 - - [23/Mar/2024:07:26:01 +0000] "POST /api/judge_server_heartbeat/ HTTP/1.1" 200 39 "-" "python-requests/2.31.0" "-"
172.18.0.2 - - [23/Mar/2024:07:26:06 +0000] "POST /api/judge_server_heartbeat/ HTTP/1.1" 200 39 "-" "python-requests/2.31.0" "-"
172.18.0.2 - - [23/Mar/2024:07:26:11 +0000] "POST /api/judge_server_heartbeat/ HTTP/1.1" 200 39 "-" "python-requests/2.31.0" "-"
172.18.0.2 - - [23/Mar/2024:07:26:16 +0000] "POST /api/judge_server_heartbeat/ HTTP/1.1" 200 39 "-" "python-requests/2.31.0" "-"
172.18.0.2 - - [23/Mar/2024:07:26:22 +0000] "POST /api/judge_server_heartbeat/ HTTP/1.1" 200 39 "-" "python-requests/2.31.0" "-"
111.30.224.142 - - [23/Mar/2024:07:26:22 +0000] "POST /api/admin/test_case HTTP/1.1" 200 2640 "http://49.233.190.181/admin/problem/create" "Mozilla/5.0 (Windows NT 10.0; Win64; x64) AppleWebKit/537.36 (KHTML, like Gecko) Chrome/123.0.0.0 Safari/537.36" "-"
172.18.0.2 - - [23/Mar/2024:07:26:27 +0000] "POST /api/judge_server_heartbeat/ HTTP/1.1" 200 39 "-" "python-requests/2.31.0" "-"
172.18.0.2 - - [23/Mar/2024:07:26:32 +0000] "POST /api/judge_server_heartbeat/ HTTP/1.1" 200 39 "-" "python-requests/2.31.0" "-"
111.30.224.142 - - [23/Mar/2024:07:26:36 +0000] "POST /api/admin/problem HTTP/1.1" 200 3218 "http://49.233.190.181/admin/problem/create" "Mozilla/5.0 (Windows NT 10.0; Win64; x64) AppleWebKit/537.36 (KHTML, like Gecko) Chrome/123.0.0.0 Safari/537.36" "-"
111.30.224.142 - - [23/Mar/2024:07:26:36 +0000] "GET /api/admin/problem?limit=10&offset=0 HTTP/1.1" 200 4161 "http://49.233.190.181/admin/problems" "Mozilla/5.0 (Windows NT 10.0; Win64; x64) AppleWebKit/537.36 (KHTML, like Gecko) Chrome/123.0.0.0 Safari/537.36" "-"
172.18.0.2 - - [23/Mar/2024:07:26:37 +0000] "POST /api/judge_server_heartbeat/ HTTP/1.1" 200 39 "-" "python-requests/2.31.0" "-"
172.18.0.2 - - [23/Mar/2024:07:26:43 +0000] "POST /api/judge_server_heartbeat/ HTTP/1.1" 200 39 "-" "python-requests/2.31.0" "-"
111.30.224.142 - - [23/Mar/2024:07:26:47 +0000] "GET /api/logout HTTP/1.1" 200 39 "http://49.233.190.181/logout" "Mozilla/5.0 (Windows NT 10.0; Win64; x64) AppleWebKit/537.36 (KHTML, like Gecko) Chrome/123.0.0.0 Safari/537.36" "-"
111.30.224.142 - - [23/Mar/2024:07:26:47 +0000] "GET /api/announcement?offset=0&limit=10 HTTP/1.1" 200 84 "http://49.233.190.181/" "Mozilla/5.0 (Windows NT 10.0; Win64; x64) AppleWebKit/537.36 (KHTML, like Gecko) Chrome/123.0.0.0 Safari/537.36" "-"
111.30.224.142 - - [23/Mar/2024:07:26:47 +0000] "GET /api/contests?offset=0&limit=5&status=1 HTTP/1.1" 200 84 "http://49.233.190.181/" "Mozilla/5.0 (Windows NT 10.0; Win64; x64) AppleWebKit/537.36 (KHTML, like Gecko) Chrome/123.0.0.0 Safari/537.36" "-"
111.30.224.142 - - [23/Mar/2024:07:26:48 +0000] "GET /api/captcha HTTP/1.1" 200 1955 "http://49.233.190.181/" "Mozilla/5.0 (Windows NT 10.0; Win64; x64) AppleWebKit/537.36 (KHTML, like Gecko) Chrome/123.0.0.0 Safari/537.36" "-"
172.18.0.2 - - [23/Mar/2024:07:26:48 +0000] "POST /api/judge_server_heartbeat/ HTTP/1.1" 200 39 "-" "python-requests/2.31.0" "-"
111.30.224.142 - - [23/Mar/2024:07:26:53 +0000] "POST /api/check_username_or_email HTTP/1.1" 200 92 "http://49.233.190.181/" "Mozilla/5.0 (Windows NT 10.0; Win64; x64) AppleWebKit/537.36 (KHTML, like Gecko) Chrome/123.0.0.0 Safari/537.36" "-"
172.18.0.2 - - [23/Mar/2024:07:26:53 +0000] "POST /api/judge_server_heartbeat/ HTTP/1.1" 200 39 "-" "python-requests/2.31.0" "-"
172.18.0.2 - - [23/Mar/2024:07:26:58 +0000] "POST /api/judge_server_heartbeat/ HTTP/1.1" 200 39 "-" "python-requests/2.31.0" "-"
111.30.224.142 - - [23/Mar/2024:07:27:00 +0000] "POST /api/check_username_or_email HTTP/1.1" 200 92 "http://49.233.190.181/" "Mozilla/5.0 (Windows NT 10.0; Win64; x64) AppleWebKit/537.36 (KHTML, like Gecko) Chrome/123.0.0.0 Safari/537.36" "-"
172.18.0.2 - - [23/Mar/2024:07:27:03 +0000] "POST /api/judge_server_heartbeat/ HTTP/1.1" 200 39 "-" "python-requests/2.31.0" "-"
111.30.224.142 - - [23/Mar/2024:07:27:07 +0000] "POST /api/check_username_or_email HTTP/1.1" 200 92 "http://49.233.190.181/" "Mozilla/5.0 (Windows NT 10.0; Win64; x64) AppleWebKit/537.36 (KHTML, like Gecko) Chrome/123.0.0.0 Safari/537.36" "-"
111.30.224.142 - - [23/Mar/2024:07:27:07 +0000] "POST /api/check_username_or_email HTTP/1.1" 200 92 "http://49.233.190.181/" "Mozilla/5.0 (Windows NT 10.0; Win64; x64) AppleWebKit/537.36 (KHTML, like Gecko) Chrome/123.0.0.0 Safari/537.36" "-"
111.30.224.142 - - [23/Mar/2024:07:27:07 +0000] "POST /api/register HTTP/1.1" 200 55 "http://49.233.190.181/" "Mozilla/5.0 (Windows NT 10.0; Win64; x64) AppleWebKit/537.36 (KHTML, like Gecko) Chrome/123.0.0.0 Safari/537.36" "-"
111.30.224.142 - - [23/Mar/2024:07:27:07 +0000] "GET /api/captcha HTTP/1.1" 200 1915 "http://49.233.190.181/" "Mozilla/5.0 (Windows NT 10.0; Win64; x64) AppleWebKit/537.36 (KHTML, like Gecko) Chrome/123.0.0.0 Safari/537.36" "-"
172.18.0.2 - - [23/Mar/2024:07:27:09 +0000] "POST /api/judge_server_heartbeat/ HTTP/1.1" 200 39 "-" "python-requests/2.31.0" "-"
111.30.224.142 - - [23/Mar/2024:07:27:11 +0000] "POST /api/check_username_or_email HTTP/1.1" 200 92 "http://49.233.190.181/" "Mozilla/5.0 (Windows NT 10.0; Win64; x64) AppleWebKit/537.36 (KHTML, like Gecko) Chrome/123.0.0.0 Safari/537.36" "-"
111.30.224.142 - - [23/Mar/2024:07:27:11 +0000] "POST /api/check_username_or_email HTTP/1.1" 200 92 "http://49.233.190.181/" "Mozilla/5.0 (Windows NT 10.0; Win64; x64) AppleWebKit/537.36 (KHTML, like Gecko) Chrome/123.0.0.0 Safari/537.36" "-"
111.30.224.142 - - [23/Mar/2024:07:27:11 +0000] "POST /api/register HTTP/1.1" 200 46 "http://49.233.190.181/" "Mozilla/5.0 (Windows NT 10.0; Win64; x64) AppleWebKit/537.36 (KHTML, like Gecko) Chrome/123.0.0.0 Safari/537.36" "-"
172.18.0.2 - - [23/Mar/2024:07:27:14 +0000] "POST /api/judge_server_heartbeat/ HTTP/1.1" 200 39 "-" "python-requests/2.31.0" "-"
111.30.224.142 - - [23/Mar/2024:07:27:17 +0000] "POST /api/tfa_required HTTP/1.1" 200 66 "http://49.233.190.181/" "Mozilla/5.0 (Windows NT 10.0; Win64; x64) AppleWebKit/537.36 (KHTML, like Gecko) Chrome/123.0.0.0 Safari/537.36" "-"
111.30.224.142 - - [23/Mar/2024:07:27:18 +0000] "POST /api/tfa_required HTTP/1.1" 200 66 "http://49.233.190.181/" "Mozilla/5.0 (Windows NT 10.0; Win64; x64) AppleWebKit/537.36 (KHTML, like Gecko) Chrome/123.0.0.0 Safari/537.36" "-"
111.30.224.142 - - [23/Mar/2024:07:27:18 +0000] "POST /api/login HTTP/1.1" 200 46 "http://49.233.190.181/" "Mozilla/5.0 (Windows NT 10.0; Win64; x64) AppleWebKit/537.36 (KHTML, like Gecko) Chrome/123.0.0.0 Safari/537.36" "-"
111.30.224.142 - - [23/Mar/2024:07:27:18 +0000] "GET /api/profile HTTP/1.1" 200 864 "http://49.233.190.181/" "Mozilla/5.0 (Windows NT 10.0; Win64; x64) AppleWebKit/537.36 (KHTML, like Gecko) Chrome/123.0.0.0 Safari/537.36" "-"
172.18.0.2 - - [23/Mar/2024:07:27:19 +0000] "POST /api/judge_server_heartbeat/ HTTP/1.1" 200 39 "-" "python-requests/2.31.0" "-"
111.30.224.142 - - [23/Mar/2024:07:27:21 +0000] "GET /api/problem/tags HTTP/1.1" 200 110 "http://49.233.190.181/problem" "Mozilla/5.0 (Windows NT 10.0; Win64; x64) AppleWebKit/537.36 (KHTML, like Gecko) Chrome/123.0.0.0 Safari/537.36" "-"
