172.18.0.2 - - [23/Mar/2024:06:52:33 +0000] "POST /api/judge_server_heartbeat/ HTTP/1.1" 200 39 "-" "python-requests/2.31.0" "-"
172.18.0.2 - - [23/Mar/2024:06:52:38 +0000] "POST /api/judge_server_heartbeat/ HTTP/1.1" 200 39 "-" "python-requests/2.31.0" "-"
172.18.0.2 - - [23/Mar/2024:06:52:44 +0000] "POST /api/judge_server_heartbeat/ HTTP/1.1" 200 39 "-" "python-requests/2.31.0" "-"
172.18.0.2 - - [23/Mar/2024:06:52:49 +0000] "POST /api/judge_server_heartbeat/ HTTP/1.1" 200 39 "-" "python-requests/2.31.0" "-"
172.18.0.2 - - [23/Mar/2024:06:52:54 +0000] "POST /api/judge_server_heartbeat/ HTTP/1.1" 200 39 "-" "python-requests/2.31.0" "-"
172.18.0.2 - - [23/Mar/2024:06:52:59 +0000] "POST /api/judge_server_heartbeat/ HTTP/1.1" 200 39 "-" "python-requests/2.31.0" "-"
172.18.0.2 - - [23/Mar/2024:06:53:05 +0000] "POST /api/judge_server_heartbeat/ HTTP/1.1" 200 39 "-" "python-requests/2.31.0" "-"
172.18.0.2 - - [23/Mar/2024:06:53:10 +0000] "POST /api/judge_server_heartbeat/ HTTP/1.1" 200 39 "-" "python-requests/2.31.0" "-"
172.18.0.2 - - [23/Mar/2024:06:53:15 +0000] "POST /api/judge_server_heartbeat/ HTTP/1.1" 200 39 "-" "python-requests/2.31.0" "-"
172.18.0.2 - - [23/Mar/2024:06:53:20 +0000] "POST /api/judge_server_heartbeat/ HTTP/1.1" 200 39 "-" "python-requests/2.31.0" "-"
172.18.0.2 - - [23/Mar/2024:06:53:25 +0000] "POST /api/judge_server_heartbeat/ HTTP/1.1" 200 39 "-" "python-requests/2.31.0" "-"
172.18.0.2 - - [23/Mar/2024:06:53:31 +0000] "POST /api/judge_server_heartbeat/ HTTP/1.1" 200 39 "-" "python-requests/2.31.0" "-"
172.18.0.2 - - [23/Mar/2024:06:53:36 +0000] "POST /api/judge_server_heartbeat/ HTTP/1.1" 200 39 "-" "python-requests/2.31.0" "-"
172.18.0.2 - - [23/Mar/2024:06:53:41 +0000] "POST /api/judge_server_heartbeat/ HTTP/1.1" 200 39 "-" "python-requests/2.31.0" "-"
172.18.0.2 - - [23/Mar/2024:06:53:46 +0000] "POST /api/judge_server_heartbeat/ HTTP/1.1" 200 39 "-" "python-requests/2.31.0" "-"
172.18.0.2 - - [23/Mar/2024:06:53:52 +0000] "POST /api/judge_server_heartbeat/ HTTP/1.1" 200 39 "-" "python-requests/2.31.0" "-"
172.18.0.2 - - [23/Mar/2024:06:53:57 +0000] "POST /api/judge_server_heartbeat/ HTTP/1.1" 200 39 "-" "python-requests/2.31.0" "-"
172.18.0.2 - - [23/Mar/2024:06:54:02 +0000] "POST /api/judge_server_heartbeat/ HTTP/1.1" 200 39 "-" "python-requests/2.31.0" "-"
172.18.0.2 - - [23/Mar/2024:06:54:07 +0000] "POST /api/judge_server_heartbeat/ HTTP/1.1" 200 39 "-" "python-requests/2.31.0" "-"
172.18.0.2 - - [23/Mar/2024:06:54:13 +0000] "POST /api/judge_server_heartbeat/ HTTP/1.1" 200 39 "-" "python-requests/2.31.0" "-"
172.18.0.2 - - [23/Mar/2024:06:54:18 +0000] "POST /api/judge_server_heartbeat/ HTTP/1.1" 200 39 "-" "python-requests/2.31.0" "-"
172.18.0.2 - - [23/Mar/2024:06:54:23 +0000] "POST /api/judge_server_heartbeat/ HTTP/1.1" 200 39 "-" "python-requests/2.31.0" "-"
172.18.0.2 - - [23/Mar/2024:06:54:28 +0000] "POST /api/judge_server_heartbeat/ HTTP/1.1" 200 39 "-" "python-requests/2.31.0" "-"
172.18.0.2 - - [23/Mar/2024:06:54:34 +0000] "POST /api/judge_server_heartbeat/ HTTP/1.1" 200 39 "-" "python-requests/2.31.0" "-"
172.18.0.2 - - [23/Mar/2024:06:54:39 +0000] "POST /api/judge_server_heartbeat/ HTTP/1.1" 200 39 "-" "python-requests/2.31.0" "-"
172.18.0.2 - - [23/Mar/2024:06:54:44 +0000] "POST /api/judge_server_heartbeat/ HTTP/1.1" 200 39 "-" "python-requests/2.31.0" "-"
172.18.0.2 - - [23/Mar/2024:06:54:49 +0000] "POST /api/judge_server_heartbeat/ HTTP/1.1" 200 39 "-" "python-requests/2.31.0" "-"
172.18.0.2 - - [23/Mar/2024:06:54:55 +0000] "POST /api/judge_server_heartbeat/ HTTP/1.1" 200 39 "-" "python-requests/2.31.0" "-"
44.236.207.248 - - [23/Mar/2024:06:54:56 +0000] "GET / HTTP/2.0" 403 107 "-" "Go-http-client/2.0" "-"
44.236.207.248 - - [23/Mar/2024:06:54:56 +0000] "GET / HTTP/2.0" 403 107 "-" "Go-http-client/2.0" "-"
44.236.207.248 - - [23/Mar/2024:06:54:58 +0000] "GET / HTTP/2.0" 403 169 "-" "Mozilla/5.0 (X11; Linux x86_64) AppleWebKit/537.36 (KHTML, like Gecko) HeadlessChrome/122.0.0.0 Safari/537.36" "-"
44.236.207.248 - - [23/Mar/2024:06:54:58 +0000] "GET /favicon.ico HTTP/2.0" 404 170 "https://tjyhoi.com/" "Mozilla/5.0 (X11; Linux x86_64) AppleWebKit/537.36 (KHTML, like Gecko) HeadlessChrome/122.0.0.0 Safari/537.36" "-"
172.18.0.2 - - [23/Mar/2024:06:55:00 +0000] "POST /api/judge_server_heartbeat/ HTTP/1.1" 200 39 "-" "python-requests/2.31.0" "-"
220.196.160.117 - - [23/Mar/2024:06:55:00 +0000] "GET / HTTP/1.1" 403 118 "-" "Mozilla/5.0 (iPhone; CPU iPhone os 15_4 like Mac OS X) AppleWebKit/605.1.15 (KHTML, like Gecko) Version/15.4 Mobile/11D257 Safari/604.1" "49.233.190.181"
172.18.0.2 - - [23/Mar/2024:06:55:05 +0000] "POST /api/judge_server_heartbeat/ HTTP/1.1" 200 39 "-" "python-requests/2.31.0" "-"
172.18.0.2 - - [23/Mar/2024:06:55:10 +0000] "POST /api/judge_server_heartbeat/ HTTP/1.1" 200 39 "-" "python-requests/2.31.0" "-"
172.18.0.2 - - [23/Mar/2024:06:55:15 +0000] "POST /api/judge_server_heartbeat/ HTTP/1.1" 200 39 "-" "python-requests/2.31.0" "-"
172.18.0.2 - - [23/Mar/2024:06:55:21 +0000] "POST /api/judge_server_heartbeat/ HTTP/1.1" 200 39 "-" "python-requests/2.31.0" "-"
172.18.0.2 - - [23/Mar/2024:06:55:26 +0000] "POST /api/judge_server_heartbeat/ HTTP/1.1" 200 39 "-" "python-requests/2.31.0" "-"
172.18.0.2 - - [23/Mar/2024:06:55:31 +0000] "POST /api/judge_server_heartbeat/ HTTP/1.1" 200 39 "-" "python-requests/2.31.0" "-"
172.18.0.2 - - [23/Mar/2024:06:55:36 +0000] "POST /api/judge_server_heartbeat/ HTTP/1.1" 200 39 "-" "python-requests/2.31.0" "-"
172.18.0.2 - - [23/Mar/2024:06:55:42 +0000] "POST /api/judge_server_heartbeat/ HTTP/1.1" 200 39 "-" "python-requests/2.31.0" "-"
172.18.0.2 - - [23/Mar/2024:06:55:47 +0000] "POST /api/judge_server_heartbeat/ HTTP/1.1" 200 39 "-" "python-requests/2.31.0" "-"
172.18.0.2 - - [23/Mar/2024:06:55:52 +0000] "POST /api/judge_server_heartbeat/ HTTP/1.1" 200 39 "-" "python-requests/2.31.0" "-"
172.18.0.2 - - [23/Mar/2024:06:55:57 +0000] "POST /api/judge_server_heartbeat/ HTTP/1.1" 200 39 "-" "python-requests/2.31.0" "-"
172.18.0.2 - - [23/Mar/2024:06:56:03 +0000] "POST /api/judge_server_heartbeat/ HTTP/1.1" 200 39 "-" "python-requests/2.31.0" "-"
172.18.0.2 - - [23/Mar/2024:06:56:08 +0000] "POST /api/judge_server_heartbeat/ HTTP/1.1" 200 39 "-" "python-requests/2.31.0" "-"
172.18.0.2 - - [23/Mar/2024:06:56:13 +0000] "POST /api/judge_server_heartbeat/ HTTP/1.1" 200 39 "-" "python-requests/2.31.0" "-"
172.18.0.2 - - [23/Mar/2024:06:56:18 +0000] "POST /api/judge_server_heartbeat/ HTTP/1.1" 200 39 "-" "python-requests/2.31.0" "-"
172.18.0.2 - - [23/Mar/2024:06:57:34 +0000] "POST /api/judge_server_heartbeat/ HTTP/1.1" 200 39 "-" "python-requests/2.31.0" "-"
172.18.0.2 - - [23/Mar/2024:06:57:39 +0000] "POST /api/judge_server_heartbeat/ HTTP/1.1" 200 39 "-" "python-requests/2.31.0" "-"
172.18.0.2 - - [23/Mar/2024:06:57:44 +0000] "POST /api/judge_server_heartbeat/ HTTP/1.1" 200 39 "-" "python-requests/2.31.0" "-"
172.18.0.2 - - [23/Mar/2024:06:57:49 +0000] "POST /api/judge_server_heartbeat/ HTTP/1.1" 200 39 "-" "python-requests/2.31.0" "-"
172.18.0.2 - - [23/Mar/2024:06:57:54 +0000] "POST /api/judge_server_heartbeat/ HTTP/1.1" 200 39 "-" "python-requests/2.31.0" "-"
172.18.0.2 - - [23/Mar/2024:06:58:00 +0000] "POST /api/judge_server_heartbeat/ HTTP/1.1" 200 39 "-" "python-requests/2.31.0" "-"
172.18.0.2 - - [23/Mar/2024:06:58:05 +0000] "POST /api/judge_server_heartbeat/ HTTP/1.1" 200 39 "-" "python-requests/2.31.0" "-"
172.18.0.2 - - [23/Mar/2024:06:58:10 +0000] "POST /api/judge_server_heartbeat/ HTTP/1.1" 200 39 "-" "python-requests/2.31.0" "-"
172.18.0.2 - - [23/Mar/2024:06:58:15 +0000] "POST /api/judge_server_heartbeat/ HTTP/1.1" 200 39 "-" "python-requests/2.31.0" "-"
172.18.0.2 - - [23/Mar/2024:06:58:21 +0000] "POST /api/judge_server_heartbeat/ HTTP/1.1" 200 39 "-" "python-requests/2.31.0" "-"
172.18.0.2 - - [23/Mar/2024:06:58:26 +0000] "POST /api/judge_server_heartbeat/ HTTP/1.1" 200 39 "-" "python-requests/2.31.0" "-"
172.18.0.2 - - [23/Mar/2024:06:58:31 +0000] "POST /api/judge_server_heartbeat/ HTTP/1.1" 200 39 "-" "python-requests/2.31.0" "-"
172.18.0.2 - - [23/Mar/2024:06:58:36 +0000] "POST /api/judge_server_heartbeat/ HTTP/1.1" 200 39 "-" "python-requests/2.31.0" "-"
172.18.0.2 - - [23/Mar/2024:06:58:41 +0000] "POST /api/judge_server_heartbeat/ HTTP/1.1" 200 39 "-" "python-requests/2.31.0" "-"
172.18.0.2 - - [23/Mar/2024:06:58:47 +0000] "POST /api/judge_server_heartbeat/ HTTP/1.1" 200 39 "-" "python-requests/2.31.0" "-"
172.18.0.2 - - [23/Mar/2024:06:58:52 +0000] "POST /api/judge_server_heartbeat/ HTTP/1.1" 200 39 "-" "python-requests/2.31.0" "-"
172.18.0.2 - - [23/Mar/2024:06:58:57 +0000] "POST /api/judge_server_heartbeat/ HTTP/1.1" 200 39 "-" "python-requests/2.31.0" "-"
111.30.224.142 - - [23/Mar/2024:06:58:57 +0000] "GET / HTTP/1.1" 200 509 "-" "Mozilla/5.0 (Windows NT 10.0; Win64; x64) AppleWebKit/537.36 (KHTML, like Gecko) Chrome/123.0.0.0 Safari/537.36" "-"
111.30.224.142 - - [23/Mar/2024:06:58:57 +0000] "GET /static/css/loader.css HTTP/1.1" 200 484 "http://49.233.190.181/" "Mozilla/5.0 (Windows NT 10.0; Win64; x64) AppleWebKit/537.36 (KHTML, like Gecko) Chrome/123.0.0.0 Safari/537.36" "-"
111.30.224.142 - - [23/Mar/2024:06:58:57 +0000] "GET /static/css/vendor.85055a479e1ae7522d5e23653d0415d3.css HTTP/1.1" 200 52092 "http://49.233.190.181/" "Mozilla/5.0 (Windows NT 10.0; Win64; x64) AppleWebKit/537.36 (KHTML, like Gecko) Chrome/123.0.0.0 Safari/537.36" "-"
111.30.224.142 - - [23/Mar/2024:06:58:57 +0000] "GET /static/css/oj.e528b7757449fd797dc176fcd01acac1.css HTTP/1.1" 200 55015 "http://49.233.190.181/" "Mozilla/5.0 (Windows NT 10.0; Win64; x64) AppleWebKit/537.36 (KHTML, like Gecko) Chrome/123.0.0.0 Safari/537.36" "-"
111.30.224.142 - - [23/Mar/2024:06:58:57 +0000] "GET /static/js/manifest.fcad483b656bd3e2ef43.js HTTP/1.1" 200 902 "http://49.233.190.181/" "Mozilla/5.0 (Windows NT 10.0; Win64; x64) AppleWebKit/537.36 (KHTML, like Gecko) Chrome/123.0.0.0 Safari/537.36" "-"
111.30.224.142 - - [23/Mar/2024:06:58:57 +0000] "GET /static/js/vendor.dll.b64803b.js HTTP/1.1" 200 110541 "http://49.233.190.181/" "Mozilla/5.0 (Windows NT 10.0; Win64; x64) AppleWebKit/537.36 (KHTML, like Gecko) Chrome/123.0.0.0 Safari/537.36" "-"
111.30.224.142 - - [23/Mar/2024:06:58:57 +0000] "GET /static/js/vendor.6661a4fce9661688886e.js HTTP/1.1" 200 154954 "http://49.233.190.181/" "Mozilla/5.0 (Windows NT 10.0; Win64; x64) AppleWebKit/537.36 (KHTML, like Gecko) Chrome/123.0.0.0 Safari/537.36" "-"
111.30.224.142 - - [23/Mar/2024:06:58:57 +0000] "GET /static/js/oj.9a5e9209dd4a780e5121.js HTTP/1.1" 200 336263 "http://49.233.190.181/" "Mozilla/5.0 (Windows NT 10.0; Win64; x64) AppleWebKit/537.36 (KHTML, like Gecko) Chrome/123.0.0.0 Safari/537.36" "-"
111.30.224.142 - - [23/Mar/2024:06:58:58 +0000] "GET /static/fonts/ionicons.24712f6.ttf HTTP/1.1" 200 188508 "http://49.233.190.181/static/css/oj.e528b7757449fd797dc176fcd01acac1.css" "Mozilla/5.0 (Windows NT 10.0; Win64; x64) AppleWebKit/537.36 (KHTML, like Gecko) Chrome/123.0.0.0 Safari/537.36" "-"
111.30.224.142 - - [23/Mar/2024:06:58:58 +0000] "GET /api/website HTTP/1.1" 200 291 "http://49.233.190.181/" "Mozilla/5.0 (Windows NT 10.0; Win64; x64) AppleWebKit/537.36 (KHTML, like Gecko) Chrome/123.0.0.0 Safari/537.36" "-"
111.30.224.142 - - [23/Mar/2024:06:58:58 +0000] "GET /api/contests?offset=0&limit=5&status=1 HTTP/1.1" 200 84 "http://49.233.190.181/" "Mozilla/5.0 (Windows NT 10.0; Win64; x64) AppleWebKit/537.36 (KHTML, like Gecko) Chrome/123.0.0.0 Safari/537.36" "-"
111.30.224.142 - - [23/Mar/2024:06:58:58 +0000] "GET /api/profile HTTP/1.1" 200 39 "http://49.233.190.181/" "Mozilla/5.0 (Windows NT 10.0; Win64; x64) AppleWebKit/537.36 (KHTML, like Gecko) Chrome/123.0.0.0 Safari/537.36" "-"
111.30.224.142 - - [23/Mar/2024:06:58:58 +0000] "GET /api/announcement?offset=0&limit=10 HTTP/1.1" 200 84 "http://49.233.190.181/" "Mozilla/5.0 (Windows NT 10.0; Win64; x64) AppleWebKit/537.36 (KHTML, like Gecko) Chrome/123.0.0.0 Safari/537.36" "-"
111.30.224.142 - - [23/Mar/2024:06:59:00 +0000] "GET /api/problem/tags HTTP/1.1" 200 37 "http://49.233.190.181/problem" "Mozilla/5.0 (Windows NT 10.0; Win64; x64) AppleWebKit/537.36 (KHTML, like Gecko) Chrome/123.0.0.0 Safari/537.36" "-"
111.30.224.142 - - [23/Mar/2024:06:59:00 +0000] "GET /api/problem?paging=true&offset=0&limit=10&page=1 HTTP/1.1" 200 84 "http://49.233.190.181/problem" "Mozilla/5.0 (Windows NT 10.0; Win64; x64) AppleWebKit/537.36 (KHTML, like Gecko) Chrome/123.0.0.0 Safari/537.36" "-"
111.30.224.142 - - [23/Mar/2024:06:59:01 +0000] "GET /static/js/0.bdba3af456b2f107ff02.js HTTP/1.1" 200 14300 "http://49.233.190.181/problem" "Mozilla/5.0 (Windows NT 10.0; Win64; x64) AppleWebKit/537.36 (KHTML, like Gecko) Chrome/123.0.0.0 Safari/537.36" "-"
111.30.224.142 - - [23/Mar/2024:06:59:01 +0000] "GET /api/contests?offset=0&limit=10 HTTP/1.1" 200 84 "http://49.233.190.181/problem" "Mozilla/5.0 (Windows NT 10.0; Win64; x64) AppleWebKit/537.36 (KHTML, like Gecko) Chrome/123.0.0.0 Safari/537.36" "-"
111.30.224.142 - - [23/Mar/2024:06:59:02 +0000] "GET /static/js/2.c82b0057da602cd28e7e.js HTTP/1.1" 200 3899 "http://49.233.190.181/contest" "Mozilla/5.0 (Windows NT 10.0; Win64; x64) AppleWebKit/537.36 (KHTML, like Gecko) Chrome/123.0.0.0 Safari/537.36" "-"
111.30.224.142 - - [23/Mar/2024:06:59:02 +0000] "GET /api/submissions?myself=0&result=&username=&page=1&limit=12&offset=0 HTTP/1.1" 200 84 "http://49.233.190.181/status" "Mozilla/5.0 (Windows NT 10.0; Win64; x64) AppleWebKit/537.36 (KHTML, like Gecko) Chrome/123.0.0.0 Safari/537.36" "-"
172.18.0.2 - - [23/Mar/2024:06:59:02 +0000] "POST /api/judge_server_heartbeat/ HTTP/1.1" 200 39 "-" "python-requests/2.31.0" "-"
111.30.224.142 - - [23/Mar/2024:06:59:04 +0000] "GET /api/problem/tags HTTP/1.1" 200 37 "http://49.233.190.181/problem" "Mozilla/5.0 (Windows NT 10.0; Win64; x64) AppleWebKit/537.36 (KHTML, like Gecko) Chrome/123.0.0.0 Safari/537.36" "-"
111.30.224.142 - - [23/Mar/2024:06:59:04 +0000] "GET /api/problem?paging=true&offset=0&limit=10&page=1 HTTP/1.1" 200 84 "http://49.233.190.181/problem" "Mozilla/5.0 (Windows NT 10.0; Win64; x64) AppleWebKit/537.36 (KHTML, like Gecko) Chrome/123.0.0.0 Safari/537.36" "-"
111.30.224.142 - - [23/Mar/2024:06:59:05 +0000] "GET /api/announcement?offset=0&limit=10 HTTP/1.1" 200 84 "http://49.233.190.181/" "Mozilla/5.0 (Windows NT 10.0; Win64; x64) AppleWebKit/537.36 (KHTML, like Gecko) Chrome/123.0.0.0 Safari/537.36" "-"
111.30.224.142 - - [23/Mar/2024:06:59:05 +0000] "GET /api/contests?offset=0&limit=5&status=1 HTTP/1.1" 200 84 "http://49.233.190.181/" "Mozilla/5.0 (Windows NT 10.0; Win64; x64) AppleWebKit/537.36 (KHTML, like Gecko) Chrome/123.0.0.0 Safari/537.36" "-"
172.18.0.2 - - [23/Mar/2024:06:59:08 +0000] "POST /api/judge_server_heartbeat/ HTTP/1.1" 200 39 "-" "python-requests/2.31.0" "-"
172.18.0.2 - - [23/Mar/2024:06:59:13 +0000] "POST /api/judge_server_heartbeat/ HTTP/1.1" 200 39 "-" "python-requests/2.31.0" "-"
111.30.224.142 - - [23/Mar/2024:06:59:13 +0000] "POST /api/tfa_required HTTP/1.1" 200 66 "http://49.233.190.181/" "Mozilla/5.0 (Windows NT 10.0; Win64; x64) AppleWebKit/537.36 (KHTML, like Gecko) Chrome/123.0.0.0 Safari/537.36" "-"
172.18.0.2 - - [23/Mar/2024:06:59:18 +0000] "POST /api/judge_server_heartbeat/ HTTP/1.1" 200 39 "-" "python-requests/2.31.0" "-"
111.30.224.142 - - [23/Mar/2024:06:59:19 +0000] "POST /api/tfa_required HTTP/1.1" 200 66 "http://49.233.190.181/" "Mozilla/5.0 (Windows NT 10.0; Win64; x64) AppleWebKit/537.36 (KHTML, like Gecko) Chrome/123.0.0.0 Safari/537.36" "-"
111.30.224.142 - - [23/Mar/2024:06:59:19 +0000] "POST /api/login HTTP/1.1" 200 46 "http://49.233.190.181/" "Mozilla/5.0 (Windows NT 10.0; Win64; x64) AppleWebKit/537.36 (KHTML, like Gecko) Chrome/123.0.0.0 Safari/537.36" "-"
111.30.224.142 - - [23/Mar/2024:06:59:19 +0000] "GET /api/profile HTTP/1.1" 200 839 "http://49.233.190.181/" "Mozilla/5.0 (Windows NT 10.0; Win64; x64) AppleWebKit/537.36 (KHTML, like Gecko) Chrome/123.0.0.0 Safari/537.36" "-"
111.30.224.142 - - [23/Mar/2024:06:59:22 +0000] "GET /api/profile HTTP/1.1" 200 839 "http://49.233.190.181/user-home" "Mozilla/5.0 (Windows NT 10.0; Win64; x64) AppleWebKit/537.36 (KHTML, like Gecko) Chrome/123.0.0.0 Safari/537.36" "-"
111.30.224.142 - - [23/Mar/2024:06:59:23 +0000] "GET /public/avatar/default.png HTTP/1.1" 200 16219 "http://49.233.190.181/user-home" "Mozilla/5.0 (Windows NT 10.0; Win64; x64) AppleWebKit/537.36 (KHTML, like Gecko) Chrome/123.0.0.0 Safari/537.36" "-"
172.18.0.2 - - [23/Mar/2024:06:59:23 +0000] "POST /api/judge_server_heartbeat/ HTTP/1.1" 200 39 "-" "python-requests/2.31.0" "-"
111.30.224.142 - - [23/Mar/2024:06:59:26 +0000] "GET /static/js/1.9bee42e7240e451e5c4c.js HTTP/1.1" 200 18452 "http://49.233.190.181/user-home" "Mozilla/5.0 (Windows NT 10.0; Win64; x64) AppleWebKit/537.36 (KHTML, like Gecko) Chrome/123.0.0.0 Safari/537.36" "-"
172.18.0.2 - - [23/Mar/2024:06:59:29 +0000] "POST /api/judge_server_heartbeat/ HTTP/1.1" 200 39 "-" "python-requests/2.31.0" "-"
111.30.224.142 - - [23/Mar/2024:06:59:29 +0000] "GET /admin/ HTTP/1.1" 200 460 "http://49.233.190.181/setting/profile" "Mozilla/5.0 (Windows NT 10.0; Win64; x64) AppleWebKit/537.36 (KHTML, like Gecko) Chrome/123.0.0.0 Safari/537.36" "-"
111.30.224.142 - - [23/Mar/2024:06:59:29 +0000] "GET /static/js/manifest.fcad483b656bd3e2ef43.js HTTP/1.1" 304 0 "http://49.233.190.181/admin/" "Mozilla/5.0 (Windows NT 10.0; Win64; x64) AppleWebKit/537.36 (KHTML, like Gecko) Chrome/123.0.0.0 Safari/537.36" "-"
111.30.224.142 - - [23/Mar/2024:06:59:29 +0000] "GET /static/css/admin.1c2888abefbec80effd292e5ee7af25e.css HTTP/1.1" 200 73780 "http://49.233.190.181/admin/" "Mozilla/5.0 (Windows NT 10.0; Win64; x64) AppleWebKit/537.36 (KHTML, like Gecko) Chrome/123.0.0.0 Safari/537.36" "-"
111.30.224.142 - - [23/Mar/2024:06:59:29 +0000] "GET /static/css/vendor.85055a479e1ae7522d5e23653d0415d3.css HTTP/1.1" 304 0 "http://49.233.190.181/admin/" "Mozilla/5.0 (Windows NT 10.0; Win64; x64) AppleWebKit/537.36 (KHTML, like Gecko) Chrome/123.0.0.0 Safari/537.36" "-"
111.30.224.142 - - [23/Mar/2024:06:59:29 +0000] "GET /static/js/vendor.dll.b64803b.js HTTP/1.1" 304 0 "http://49.233.190.181/admin/" "Mozilla/5.0 (Windows NT 10.0; Win64; x64) AppleWebKit/537.36 (KHTML, like Gecko) Chrome/123.0.0.0 Safari/537.36" "-"
111.30.224.142 - - [23/Mar/2024:06:59:29 +0000] "GET /static/js/vendor.6661a4fce9661688886e.js HTTP/1.1" 304 0 "http://49.233.190.181/admin/" "Mozilla/5.0 (Windows NT 10.0; Win64; x64) AppleWebKit/537.36 (KHTML, like Gecko) Chrome/123.0.0.0 Safari/537.36" "-"
111.30.224.142 - - [23/Mar/2024:06:59:29 +0000] "GET /static/js/admin.8b1aa9639af6d06d4aa7.js HTTP/1.1" 200 523967 "http://49.233.190.181/admin/" "Mozilla/5.0 (Windows NT 10.0; Win64; x64) AppleWebKit/537.36 (KHTML, like Gecko) Chrome/123.0.0.0 Safari/537.36" "-"
111.30.224.142 - - [23/Mar/2024:06:59:30 +0000] "GET /api/profile HTTP/1.1" 200 839 "http://49.233.190.181/admin/" "Mozilla/5.0 (Windows NT 10.0; Win64; x64) AppleWebKit/537.36 (KHTML, like Gecko) Chrome/123.0.0.0 Safari/537.36" "-"
111.30.224.142 - - [23/Mar/2024:06:59:30 +0000] "GET /api/sessions HTTP/1.1" 200 398 "http://49.233.190.181/admin/" "Mozilla/5.0 (Windows NT 10.0; Win64; x64) AppleWebKit/537.36 (KHTML, like Gecko) Chrome/123.0.0.0 Safari/537.36" "-"
111.30.224.142 - - [23/Mar/2024:06:59:30 +0000] "GET /api/admin/dashboard_info HTTP/1.1" 200 267 "http://49.233.190.181/admin/" "Mozilla/5.0 (Windows NT 10.0; Win64; x64) AppleWebKit/537.36 (KHTML, like Gecko) Chrome/123.0.0.0 Safari/537.36" "-"
111.30.224.142 - - [23/Mar/2024:06:59:30 +0000] "GET /static/fonts/fontawesome-webfont.af7ae50.woff2 HTTP/1.1" 200 77160 "http://49.233.190.181/static/css/admin.1c2888abefbec80effd292e5ee7af25e.css" "Mozilla/5.0 (Windows NT 10.0; Win64; x64) AppleWebKit/537.36 (KHTML, like Gecko) Chrome/123.0.0.0 Safari/537.36" "-"
111.30.224.142 - - [23/Mar/2024:06:59:30 +0000] "GET /static/fonts/element-icons.535877f.woff HTTP/1.1" 200 28200 "http://49.233.190.181/static/css/admin.1c2888abefbec80effd292e5ee7af25e.css" "Mozilla/5.0 (Windows NT 10.0; Win64; x64) AppleWebKit/537.36 (KHTML, like Gecko) Chrome/123.0.0.0 Safari/537.36" "-"
111.30.224.142 - - [23/Mar/2024:06:59:32 +0000] "GET /api/admin/versions HTTP/1.1" 200 9663 "http://49.233.190.181/admin/" "Mozilla/5.0 (Windows NT 10.0; Win64; x64) AppleWebKit/537.36 (KHTML, like Gecko) Chrome/123.0.0.0 Safari/537.36" "-"
172.18.0.2 - - [23/Mar/2024:06:59:34 +0000] "POST /api/judge_server_heartbeat/ HTTP/1.1" 200 39 "-" "python-requests/2.31.0" "-"
172.18.0.2 - - [23/Mar/2024:06:59:39 +0000] "POST /api/judge_server_heartbeat/ HTTP/1.1" 200 39 "-" "python-requests/2.31.0" "-"
111.30.224.142 - - [23/Mar/2024:06:59:41 +0000] "GET /api/languages HTTP/1.1" 200 13989 "http://49.233.190.181/admin/problem/create" "Mozilla/5.0 (Windows NT 10.0; Win64; x64) AppleWebKit/537.36 (KHTML, like Gecko) Chrome/123.0.0.0 Safari/537.36" "-"
111.30.224.142 - - [23/Mar/2024:06:59:42 +0000] "GET /api/admin/problem?offset=0&limit=10 HTTP/1.1" 200 84 "http://49.233.190.181/admin/problem/batch_ops" "Mozilla/5.0 (Windows NT 10.0; Win64; x64) AppleWebKit/537.36 (KHTML, like Gecko) Chrome/123.0.0.0 Safari/537.36" "-"
172.18.0.2 - - [23/Mar/2024:06:59:44 +0000] "POST /api/judge_server_heartbeat/ HTTP/1.1" 200 39 "-" "python-requests/2.31.0" "-"
111.30.224.142 - - [23/Mar/2024:06:59:46 +0000] "GET /api/languages HTTP/1.1" 200 13989 "http://49.233.190.181/admin/problem/create" "Mozilla/5.0 (Windows NT 10.0; Win64; x64) AppleWebKit/537.36 (KHTML, like Gecko) Chrome/123.0.0.0 Safari/537.36" "-"
111.30.224.142 - - [23/Mar/2024:06:59:47 +0000] "GET /api/admin/problem?limit=10&offset=0 HTTP/1.1" 200 84 "http://49.233.190.181/admin/problems" "Mozilla/5.0 (Windows NT 10.0; Win64; x64) AppleWebKit/537.36 (KHTML, like Gecko) Chrome/123.0.0.0 Safari/537.36" "-"
111.30.224.142 - - [23/Mar/2024:06:59:48 +0000] "GET /api/admin/prune_test_case HTTP/1.1" 200 37 "http://49.233.190.181/admin/prune-test-case" "Mozilla/5.0 (Windows NT 10.0; Win64; x64) AppleWebKit/537.36 (KHTML, like Gecko) Chrome/123.0.0.0 Safari/537.36" "-"
111.30.224.142 - - [23/Mar/2024:06:59:49 +0000] "GET /api/admin/smtp HTTP/1.1" 200 39 "http://49.233.190.181/admin/conf" "Mozilla/5.0 (Windows NT 10.0; Win64; x64) AppleWebKit/537.36 (KHTML, like Gecko) Chrome/123.0.0.0 Safari/537.36" "-"
111.30.224.142 - - [23/Mar/2024:06:59:49 +0000] "GET /api/admin/website HTTP/1.1" 200 291 "http://49.233.190.181/admin/conf" "Mozilla/5.0 (Windows NT 10.0; Win64; x64) AppleWebKit/537.36 (KHTML, like Gecko) Chrome/123.0.0.0 Safari/537.36" "-"
172.18.0.2 - - [23/Mar/2024:06:59:49 +0000] "POST /api/judge_server_heartbeat/ HTTP/1.1" 200 39 "-" "python-requests/2.31.0" "-"
172.18.0.2 - - [23/Mar/2024:06:59:55 +0000] "POST /api/judge_server_heartbeat/ HTTP/1.1" 200 39 "-" "python-requests/2.31.0" "-"
111.30.224.142 - - [23/Mar/2024:06:59:56 +0000] "GET /api/admin/announcement?paging=true&offset=0&limit=15 HTTP/1.1" 200 84 "http://49.233.190.181/admin/announcement" "Mozilla/5.0 (Windows NT 10.0; Win64; x64) AppleWebKit/537.36 (KHTML, like Gecko) Chrome/123.0.0.0 Safari/537.36" "-"
111.30.224.142 - - [23/Mar/2024:06:59:58 +0000] "GET /api/admin/user?paging=true&offset=0&limit=10 HTTP/1.1" 200 575 "http://49.233.190.181/admin/user" "Mozilla/5.0 (Windows NT 10.0; Win64; x64) AppleWebKit/537.36 (KHTML, like Gecko) Chrome/123.0.0.0 Safari/537.36" "-"
172.18.0.2 - - [23/Mar/2024:07:00:00 +0000] "POST /api/judge_server_heartbeat/ HTTP/1.1" 200 39 "-" "python-requests/2.31.0" "-"
111.30.224.142 - - [23/Mar/2024:07:00:00 +0000] "GET /api/admin/problem?limit=10&offset=0 HTTP/1.1" 200 84 "http://49.233.190.181/admin/problems" "Mozilla/5.0 (Windows NT 10.0; Win64; x64) AppleWebKit/537.36 (KHTML, like Gecko) Chrome/123.0.0.0 Safari/537.36" "-"
111.30.224.142 - - [23/Mar/2024:07:00:01 +0000] "GET /api/languages HTTP/1.1" 200 13989 "http://49.233.190.181/admin/problem/create" "Mozilla/5.0 (Windows NT 10.0; Win64; x64) AppleWebKit/537.36 (KHTML, like Gecko) Chrome/123.0.0.0 Safari/537.36" "-"
198.199.108.13 - - [23/Mar/2024:07:00:05 +0000] "GET /autodiscover/autodiscover.json?@zdi/Powershell HTTP/1.1" 200 509 "-" "Mozilla/5.0 zgrab/0.x" "-"
172.18.0.2 - - [23/Mar/2024:07:00:05 +0000] "POST /api/judge_server_heartbeat/ HTTP/1.1" 200 39 "-" "python-requests/2.31.0" "-"
172.18.0.2 - - [23/Mar/2024:07:00:10 +0000] "POST /api/judge_server_heartbeat/ HTTP/1.1" 200 39 "-" "python-requests/2.31.0" "-"
172.18.0.2 - - [23/Mar/2024:07:00:16 +0000] "POST /api/judge_server_heartbeat/ HTTP/1.1" 200 39 "-" "python-requests/2.31.0" "-"
172.18.0.2 - - [23/Mar/2024:07:00:21 +0000] "POST /api/judge_server_heartbeat/ HTTP/1.1" 200 39 "-" "python-requests/2.31.0" "-"
172.18.0.2 - - [23/Mar/2024:07:00:26 +0000] "POST /api/judge_server_heartbeat/ HTTP/1.1" 200 39 "-" "python-requests/2.31.0" "-"
172.18.0.2 - - [23/Mar/2024:07:00:31 +0000] "POST /api/judge_server_heartbeat/ HTTP/1.1" 200 39 "-" "python-requests/2.31.0" "-"
172.18.0.2 - - [23/Mar/2024:07:00:37 +0000] "POST /api/judge_server_heartbeat/ HTTP/1.1" 200 39 "-" "python-requests/2.31.0" "-"
172.18.0.2 - - [23/Mar/2024:07:00:42 +0000] "POST /api/judge_server_heartbeat/ HTTP/1.1" 200 39 "-" "python-requests/2.31.0" "-"
172.18.0.2 - - [23/Mar/2024:07:00:47 +0000] "POST /api/judge_server_heartbeat/ HTTP/1.1" 200 39 "-" "python-requests/2.31.0" "-"
172.18.0.2 - - [23/Mar/2024:07:00:52 +0000] "POST /api/judge_server_heartbeat/ HTTP/1.1" 200 39 "-" "python-requests/2.31.0" "-"
172.18.0.2 - - [23/Mar/2024:07:00:58 +0000] "POST /api/judge_server_heartbeat/ HTTP/1.1" 200 39 "-" "python-requests/2.31.0" "-"
172.18.0.2 - - [23/Mar/2024:07:01:03 +0000] "POST /api/judge_server_heartbeat/ HTTP/1.1" 200 39 "-" "python-requests/2.31.0" "-"
172.18.0.2 - - [23/Mar/2024:07:01:08 +0000] "POST /api/judge_server_heartbeat/ HTTP/1.1" 200 39 "-" "python-requests/2.31.0" "-"
172.18.0.2 - - [23/Mar/2024:07:01:13 +0000] "POST /api/judge_server_heartbeat/ HTTP/1.1" 200 39 "-" "python-requests/2.31.0" "-"
172.18.0.2 - - [23/Mar/2024:07:01:18 +0000] "POST /api/judge_server_heartbeat/ HTTP/1.1" 200 39 "-" "python-requests/2.31.0" "-"
172.18.0.2 - - [23/Mar/2024:07:01:24 +0000] "POST /api/judge_server_heartbeat/ HTTP/1.1" 200 39 "-" "python-requests/2.31.0" "-"
172.18.0.2 - - [23/Mar/2024:07:01:29 +0000] "POST /api/judge_server_heartbeat/ HTTP/1.1" 200 39 "-" "python-requests/2.31.0" "-"
172.18.0.2 - - [23/Mar/2024:07:01:34 +0000] "POST /api/judge_server_heartbeat/ HTTP/1.1" 200 39 "-" "python-requests/2.31.0" "-"
172.18.0.2 - - [23/Mar/2024:07:01:39 +0000] "POST /api/judge_server_heartbeat/ HTTP/1.1" 200 39 "-" "python-requests/2.31.0" "-"
172.18.0.2 - - [23/Mar/2024:07:01:45 +0000] "POST /api/judge_server_heartbeat/ HTTP/1.1" 200 39 "-" "python-requests/2.31.0" "-"
172.18.0.2 - - [23/Mar/2024:07:01:50 +0000] "POST /api/judge_server_heartbeat/ HTTP/1.1" 200 39 "-" "python-requests/2.31.0" "-"
172.18.0.2 - - [23/Mar/2024:07:01:55 +0000] "POST /api/judge_server_heartbeat/ HTTP/1.1" 200 39 "-" "python-requests/2.31.0" "-"
180.163.30.76 - - [23/Mar/2024:07:02:00 +0000] "GET /api/contests?offset=0&limit=5&status=1 HTTP/1.1" 200 84 "-" "Mozilla/5.0 (Windows NT 6.1; WOW64) AppleWebKit/537.36 (KHTML, like Gecko) Chrome/53.0.2785.104 Safari/537.36 Core/1.53.2141.400 QQBrowser/9.5.10219.400" "-"
172.18.0.2 - - [23/Mar/2024:07:02:00 +0000] "POST /api/judge_server_heartbeat/ HTTP/1.1" 200 39 "-" "python-requests/2.31.0" "-"
172.18.0.2 - - [23/Mar/2024:07:02:06 +0000] "POST /api/judge_server_heartbeat/ HTTP/1.1" 200 39 "-" "python-requests/2.31.0" "-"
172.18.0.2 - - [23/Mar/2024:07:02:11 +0000] "POST /api/judge_server_heartbeat/ HTTP/1.1" 200 39 "-" "python-requests/2.31.0" "-"
172.18.0.2 - - [23/Mar/2024:07:02:16 +0000] "POST /api/judge_server_heartbeat/ HTTP/1.1" 200 39 "-" "python-requests/2.31.0" "-"
172.18.0.2 - - [23/Mar/2024:07:02:21 +0000] "POST /api/judge_server_heartbeat/ HTTP/1.1" 200 39 "-" "python-requests/2.31.0" "-"
172.18.0.2 - - [23/Mar/2024:07:02:27 +0000] "POST /api/judge_server_heartbeat/ HTTP/1.1" 200 39 "-" "python-requests/2.31.0" "-"
172.18.0.2 - - [23/Mar/2024:07:02:32 +0000] "POST /api/judge_server_heartbeat/ HTTP/1.1" 200 39 "-" "python-requests/2.31.0" "-"
172.18.0.2 - - [23/Mar/2024:07:02:37 +0000] "POST /api/judge_server_heartbeat/ HTTP/1.1" 200 39 "-" "python-requests/2.31.0" "-"
172.18.0.2 - - [23/Mar/2024:07:02:42 +0000] "POST /api/judge_server_heartbeat/ HTTP/1.1" 200 39 "-" "python-requests/2.31.0" "-"
172.18.0.2 - - [23/Mar/2024:07:02:48 +0000] "POST /api/judge_server_heartbeat/ HTTP/1.1" 200 39 "-" "python-requests/2.31.0" "-"
172.18.0.2 - - [23/Mar/2024:07:02:53 +0000] "POST /api/judge_server_heartbeat/ HTTP/1.1" 200 39 "-" "python-requests/2.31.0" "-"
172.18.0.2 - - [23/Mar/2024:07:02:58 +0000] "POST /api/judge_server_heartbeat/ HTTP/1.1" 200 39 "-" "python-requests/2.31.0" "-"
172.18.0.2 - - [23/Mar/2024:07:03:03 +0000] "POST /api/judge_server_heartbeat/ HTTP/1.1" 200 39 "-" "python-requests/2.31.0" "-"
172.18.0.2 - - [23/Mar/2024:07:03:08 +0000] "POST /api/judge_server_heartbeat/ HTTP/1.1" 200 39 "-" "python-requests/2.31.0" "-"
172.18.0.2 - - [23/Mar/2024:07:03:14 +0000] "POST /api/judge_server_heartbeat/ HTTP/1.1" 200 39 "-" "python-requests/2.31.0" "-"
172.18.0.2 - - [23/Mar/2024:07:03:19 +0000] "POST /api/judge_server_heartbeat/ HTTP/1.1" 200 39 "-" "python-requests/2.31.0" "-"
18.224.33.176 - - [23/Mar/2024:07:03:22 +0000] "GET / HTTP/1.1" 200 0 "-" "Mozilla/5.0 (X11; Linux x86_64) AppleWebKit/537.36 (KHTML, like Gecko) Chrome/121.0.6167.160 Safari/537.36" "-"
172.18.0.2 - - [23/Mar/2024:07:03:24 +0000] "POST /api/judge_server_heartbeat/ HTTP/1.1" 200 39 "-" "python-requests/2.31.0" "-"
172.18.0.2 - - [23/Mar/2024:07:03:29 +0000] "POST /api/judge_server_heartbeat/ HTTP/1.1" 200 39 "-" "python-requests/2.31.0" "-"
172.18.0.2 - - [23/Mar/2024:07:03:35 +0000] "POST /api/judge_server_heartbeat/ HTTP/1.1" 200 39 "-" "python-requests/2.31.0" "-"
172.18.0.2 - - [23/Mar/2024:07:03:40 +0000] "POST /api/judge_server_heartbeat/ HTTP/1.1" 200 39 "-" "python-requests/2.31.0" "-"
172.18.0.2 - - [23/Mar/2024:07:03:45 +0000] "POST /api/judge_server_heartbeat/ HTTP/1.1" 200 39 "-" "python-requests/2.31.0" "-"
172.18.0.2 - - [23/Mar/2024:07:03:50 +0000] "POST /api/judge_server_heartbeat/ HTTP/1.1" 200 39 "-" "python-requests/2.31.0" "-"
180.163.28.114 - - [23/Mar/2024:07:03:54 +0000] "GET /.env HTTP/1.1" 200 1149 "-" "Mozilla/5.0 (Windows NT 6.1; WOW64) AppleWebKit/537.36 (KHTML, like Gecko) Chrome/45.0.2454.101 Safari/537.36" "-"
172.18.0.2 - - [23/Mar/2024:07:03:56 +0000] "POST /api/judge_server_heartbeat/ HTTP/1.1" 200 39 "-" "python-requests/2.31.0" "-"
172.18.0.2 - - [23/Mar/2024:07:04:01 +0000] "POST /api/judge_server_heartbeat/ HTTP/1.1" 200 39 "-" "python-requests/2.31.0" "-"
172.18.0.2 - - [23/Mar/2024:07:04:06 +0000] "POST /api/judge_server_heartbeat/ HTTP/1.1" 200 39 "-" "python-requests/2.31.0" "-"
172.18.0.2 - - [23/Mar/2024:07:04:11 +0000] "POST /api/judge_server_heartbeat/ HTTP/1.1" 200 39 "-" "python-requests/2.31.0" "-"
172.18.0.2 - - [23/Mar/2024:07:04:17 +0000] "POST /api/judge_server_heartbeat/ HTTP/1.1" 200 39 "-" "python-requests/2.31.0" "-"
172.18.0.2 - - [23/Mar/2024:07:04:22 +0000] "POST /api/judge_server_heartbeat/ HTTP/1.1" 200 39 "-" "python-requests/2.31.0" "-"
172.18.0.2 - - [23/Mar/2024:07:04:27 +0000] "POST /api/judge_server_heartbeat/ HTTP/1.1" 200 39 "-" "python-requests/2.31.0" "-"
172.18.0.2 - - [23/Mar/2024:07:04:32 +0000] "POST /api/judge_server_heartbeat/ HTTP/1.1" 200 39 "-" "python-requests/2.31.0" "-"
172.18.0.2 - - [23/Mar/2024:07:04:37 +0000] "POST /api/judge_server_heartbeat/ HTTP/1.1" 200 39 "-" "python-requests/2.31.0" "-"
172.18.0.2 - - [23/Mar/2024:07:04:43 +0000] "POST /api/judge_server_heartbeat/ HTTP/1.1" 200 39 "-" "python-requests/2.31.0" "-"
172.18.0.2 - - [23/Mar/2024:07:04:48 +0000] "POST /api/judge_server_heartbeat/ HTTP/1.1" 200 39 "-" "python-requests/2.31.0" "-"
172.18.0.2 - - [23/Mar/2024:07:04:53 +0000] "POST /api/judge_server_heartbeat/ HTTP/1.1" 200 39 "-" "python-requests/2.31.0" "-"
172.18.0.2 - - [23/Mar/2024:07:04:58 +0000] "POST /api/judge_server_heartbeat/ HTTP/1.1" 200 39 "-" "python-requests/2.31.0" "-"
180.163.28.114 - - [23/Mar/2024:07:05:03 +0000] "GET /static/js/vendor.dll.b64803b.js HTTP/1.1" 200 176500 "http://49.233.190.181/.env" "Mozilla/5.0 (Windows NT 6.1; WOW64; rv:50.0) Gecko/20100101 Firefox/50.0" "-"
172.18.0.2 - - [23/Mar/2024:07:05:04 +0000] "POST /api/judge_server_heartbeat/ HTTP/1.1" 200 39 "-" "python-requests/2.31.0" "-"
180.163.28.114 - - [23/Mar/2024:07:05:07 +0000] "GET /static/js/manifest.fcad483b656bd3e2ef43.js HTTP/1.1" 200 1527 "http://49.233.190.181/.env" "Mozilla/5.0 (Windows NT 6.1; WOW64; rv:50.0) Gecko/20100101 Firefox/50.0" "-"
172.18.0.2 - - [23/Mar/2024:07:05:09 +0000] "POST /api/judge_server_heartbeat/ HTTP/1.1" 200 39 "-" "python-requests/2.31.0" "-"
172.18.0.2 - - [23/Mar/2024:07:05:14 +0000] "POST /api/judge_server_heartbeat/ HTTP/1.1" 200 39 "-" "python-requests/2.31.0" "-"
180.163.28.114 - - [23/Mar/2024:07:05:19 +0000] "GET /static/js/vendor.6661a4fce9661688886e.js HTTP/1.1" 200 203328 "http://49.233.190.181/.env" "Mozilla/5.0 (Windows NT 6.1; WOW64) AppleWebKit/537.36 (KHTML, like Gecko) Chrome/45.0.2454.101 Safari/537.36" "-"
172.18.0.2 - - [23/Mar/2024:07:05:19 +0000] "POST /api/judge_server_heartbeat/ HTTP/1.1" 200 39 "-" "python-requests/2.31.0" "-"
172.18.0.2 - - [23/Mar/2024:07:05:25 +0000] "POST /api/judge_server_heartbeat/ HTTP/1.1" 200 39 "-" "python-requests/2.31.0" "-"
172.18.0.2 - - [23/Mar/2024:07:05:30 +0000] "POST /api/judge_server_heartbeat/ HTTP/1.1" 200 39 "-" "python-requests/2.31.0" "-"
172.18.0.2 - - [23/Mar/2024:07:05:35 +0000] "POST /api/judge_server_heartbeat/ HTTP/1.1" 200 39 "-" "python-requests/2.31.0" "-"
172.18.0.2 - - [23/Mar/2024:07:05:40 +0000] "POST /api/judge_server_heartbeat/ HTTP/1.1" 200 39 "-" "python-requests/2.31.0" "-"
172.18.0.2 - - [23/Mar/2024:07:05:46 +0000] "POST /api/judge_server_heartbeat/ HTTP/1.1" 200 39 "-" "python-requests/2.31.0" "-"
172.18.0.2 - - [23/Mar/2024:07:05:51 +0000] "POST /api/judge_server_heartbeat/ HTTP/1.1" 200 39 "-" "python-requests/2.31.0" "-"
172.18.0.2 - - [23/Mar/2024:07:05:56 +0000] "POST /api/judge_server_heartbeat/ HTTP/1.1" 200 39 "-" "python-requests/2.31.0" "-"
172.18.0.2 - - [23/Mar/2024:07:06:01 +0000] "POST /api/judge_server_heartbeat/ HTTP/1.1" 200 39 "-" "python-requests/2.31.0" "-"
172.18.0.2 - - [23/Mar/2024:07:06:07 +0000] "POST /api/judge_server_heartbeat/ HTTP/1.1" 200 39 "-" "python-requests/2.31.0" "-"
172.18.0.2 - - [23/Mar/2024:07:06:12 +0000] "POST /api/judge_server_heartbeat/ HTTP/1.1" 200 39 "-" "python-requests/2.31.0" "-"
172.18.0.2 - - [23/Mar/2024:07:06:17 +0000] "POST /api/judge_server_heartbeat/ HTTP/1.1" 200 39 "-" "python-requests/2.31.0" "-"
172.18.0.2 - - [23/Mar/2024:07:06:22 +0000] "POST /api/judge_server_heartbeat/ HTTP/1.1" 200 39 "-" "python-requests/2.31.0" "-"
172.18.0.2 - - [23/Mar/2024:07:06:27 +0000] "POST /api/judge_server_heartbeat/ HTTP/1.1" 200 39 "-" "python-requests/2.31.0" "-"
180.163.28.114 - - [23/Mar/2024:07:06:30 +0000] "GET /static/js/oj.9a5e9209dd4a780e5121.js HTTP/1.1" 200 169440 "http://49.233.190.181/.env" "Mozilla/5.0 (Windows NT 6.1; WOW64) AppleWebKit/537.36 (KHTML, like Gecko) Chrome/45.0.2454.101 Safari/537.36" "-"
172.18.0.2 - - [23/Mar/2024:07:06:33 +0000] "POST /api/judge_server_heartbeat/ HTTP/1.1" 200 39 "-" "python-requests/2.31.0" "-"
172.18.0.2 - - [23/Mar/2024:07:06:38 +0000] "POST /api/judge_server_heartbeat/ HTTP/1.1" 200 39 "-" "python-requests/2.31.0" "-"
172.18.0.2 - - [23/Mar/2024:07:06:43 +0000] "POST /api/judge_server_heartbeat/ HTTP/1.1" 200 39 "-" "python-requests/2.31.0" "-"
172.18.0.2 - - [23/Mar/2024:07:06:48 +0000] "POST /api/judge_server_heartbeat/ HTTP/1.1" 200 39 "-" "python-requests/2.31.0" "-"
172.18.0.2 - - [23/Mar/2024:07:06:54 +0000] "POST /api/judge_server_heartbeat/ HTTP/1.1" 200 39 "-" "python-requests/2.31.0" "-"
172.18.0.2 - - [23/Mar/2024:07:06:59 +0000] "POST /api/judge_server_heartbeat/ HTTP/1.1" 200 39 "-" "python-requests/2.31.0" "-"
172.18.0.2 - - [23/Mar/2024:07:07:04 +0000] "POST /api/judge_server_heartbeat/ HTTP/1.1" 200 39 "-" "python-requests/2.31.0" "-"
172.18.0.2 - - [23/Mar/2024:07:07:10 +0000] "POST /api/judge_server_heartbeat/ HTTP/1.1" 200 39 "-" "python-requests/2.31.0" "-"
172.18.0.2 - - [23/Mar/2024:07:07:15 +0000] "POST /api/judge_server_heartbeat/ HTTP/1.1" 200 39 "-" "python-requests/2.31.0" "-"
172.18.0.2 - - [23/Mar/2024:07:07:20 +0000] "POST /api/judge_server_heartbeat/ HTTP/1.1" 200 39 "-" "python-requests/2.31.0" "-"
172.18.0.2 - - [23/Mar/2024:07:07:25 +0000] "POST /api/judge_server_heartbeat/ HTTP/1.1" 200 39 "-" "python-requests/2.31.0" "-"
172.18.0.2 - - [23/Mar/2024:07:07:30 +0000] "POST /api/judge_server_heartbeat/ HTTP/1.1" 200 39 "-" "python-requests/2.31.0" "-"
172.18.0.2 - - [23/Mar/2024:07:07:36 +0000] "POST /api/judge_server_heartbeat/ HTTP/1.1" 200 39 "-" "python-requests/2.31.0" "-"
172.18.0.2 - - [23/Mar/2024:07:07:41 +0000] "POST /api/judge_server_heartbeat/ HTTP/1.1" 200 39 "-" "python-requests/2.31.0" "-"
172.18.0.2 - - [23/Mar/2024:07:07:46 +0000] "POST /api/judge_server_heartbeat/ HTTP/1.1" 200 39 "-" "python-requests/2.31.0" "-"
172.18.0.2 - - [23/Mar/2024:07:07:51 +0000] "POST /api/judge_server_heartbeat/ HTTP/1.1" 200 39 "-" "python-requests/2.31.0" "-"
172.18.0.2 - - [23/Mar/2024:07:07:57 +0000] "POST /api/judge_server_heartbeat/ HTTP/1.1" 200 39 "-" "python-requests/2.31.0" "-"
172.18.0.2 - - [23/Mar/2024:07:08:02 +0000] "POST /api/judge_server_heartbeat/ HTTP/1.1" 200 39 "-" "python-requests/2.31.0" "-"
172.18.0.2 - - [23/Mar/2024:07:08:07 +0000] "POST /api/judge_server_heartbeat/ HTTP/1.1" 200 39 "-" "python-requests/2.31.0" "-"
172.18.0.2 - - [23/Mar/2024:07:08:12 +0000] "POST /api/judge_server_heartbeat/ HTTP/1.1" 200 39 "-" "python-requests/2.31.0" "-"
111.30.224.142 - - [23/Mar/2024:07:08:13 +0000] "GET /api/problem/tags?keyword=E HTTP/1.1" 200 37 "http://49.233.190.181/admin/problem/create" "Mozilla/5.0 (Windows NT 10.0; Win64; x64) AppleWebKit/537.36 (KHTML, like Gecko) Chrome/123.0.0.0 Safari/537.36" "-"
111.30.224.142 - - [23/Mar/2024:07:08:14 +0000] "GET /api/problem/tags?keyword=Ea HTTP/1.1" 200 37 "http://49.233.190.181/admin/problem/create" "Mozilla/5.0 (Windows NT 10.0; Win64; x64) AppleWebKit/537.36 (KHTML, like Gecko) Chrome/123.0.0.0 Safari/537.36" "-"
172.18.0.2 - - [23/Mar/2024:07:08:18 +0000] "POST /api/judge_server_heartbeat/ HTTP/1.1" 200 39 "-" "python-requests/2.31.0" "-"
111.30.224.142 - - [23/Mar/2024:07:08:20 +0000] "GET /api/problem/tags?keyword=ea HTTP/1.1" 200 37 "http://49.233.190.181/admin/problem/create" "Mozilla/5.0 (Windows NT 10.0; Win64; x64) AppleWebKit/537.36 (KHTML, like Gecko) Chrome/123.0.0.0 Safari/537.36" "-"
111.30.224.142 - - [23/Mar/2024:07:08:21 +0000] "GET /api/problem/tags?keyword=easy HTTP/1.1" 200 37 "http://49.233.190.181/admin/problem/create" "Mozilla/5.0 (Windows NT 10.0; Win64; x64) AppleWebKit/537.36 (KHTML, like Gecko) Chrome/123.0.0.0 Safari/537.36" "-"
172.18.0.2 - - [23/Mar/2024:07:08:23 +0000] "POST /api/judge_server_heartbeat/ HTTP/1.1" 200 39 "-" "python-requests/2.31.0" "-"
172.18.0.2 - - [23/Mar/2024:07:08:28 +0000] "POST /api/judge_server_heartbeat/ HTTP/1.1" 200 39 "-" "python-requests/2.31.0" "-"
111.30.224.142 - - [23/Mar/2024:07:08:32 +0000] "GET /api/problem/tags?keyword=* HTTP/1.1" 200 37 "http://49.233.190.181/admin/problem/create" "Mozilla/5.0 (Windows NT 10.0; Win64; x64) AppleWebKit/537.36 (KHTML, like Gecko) Chrome/123.0.0.0 Safari/537.36" "-"
172.18.0.2 - - [23/Mar/2024:07:08:33 +0000] "POST /api/judge_server_heartbeat/ HTTP/1.1" 200 39 "-" "python-requests/2.31.0" "-"
111.30.224.142 - - [23/Mar/2024:07:08:33 +0000] "GET /api/problem/tags?keyword=*ea HTTP/1.1" 200 37 "http://49.233.190.181/admin/problem/create" "Mozilla/5.0 (Windows NT 10.0; Win64; x64) AppleWebKit/537.36 (KHTML, like Gecko) Chrome/123.0.0.0 Safari/537.36" "-"
111.30.224.142 - - [23/Mar/2024:07:08:34 +0000] "GET /api/problem/tags?keyword=*eas HTTP/1.1" 200 37 "http://49.233.190.181/admin/problem/create" "Mozilla/5.0 (Windows NT 10.0; Win64; x64) AppleWebKit/537.36 (KHTML, like Gecko) Chrome/123.0.0.0 Safari/537.36" "-"
111.30.224.142 - - [23/Mar/2024:07:08:34 +0000] "GET /api/problem/tags?keyword=*easy HTTP/1.1" 200 37 "http://49.233.190.181/admin/problem/create" "Mozilla/5.0 (Windows NT 10.0; Win64; x64) AppleWebKit/537.36 (KHTML, like Gecko) Chrome/123.0.0.0 Safari/537.36" "-"
172.18.0.2 - - [23/Mar/2024:07:08:38 +0000] "POST /api/judge_server_heartbeat/ HTTP/1.1" 200 39 "-" "python-requests/2.31.0" "-"
172.18.0.2 - - [23/Mar/2024:07:08:44 +0000] "POST /api/judge_server_heartbeat/ HTTP/1.1" 200 39 "-" "python-requests/2.31.0" "-"
172.18.0.2 - - [23/Mar/2024:07:08:49 +0000] "POST /api/judge_server_heartbeat/ HTTP/1.1" 200 39 "-" "python-requests/2.31.0" "-"
172.18.0.2 - - [23/Mar/2024:07:08:54 +0000] "POST /api/judge_server_heartbeat/ HTTP/1.1" 200 39 "-" "python-requests/2.31.0" "-"
172.18.0.2 - - [23/Mar/2024:07:08:59 +0000] "POST /api/judge_server_heartbeat/ HTTP/1.1" 200 39 "-" "python-requests/2.31.0" "-"
172.18.0.2 - - [23/Mar/2024:07:09:05 +0000] "POST /api/judge_server_heartbeat/ HTTP/1.1" 200 39 "-" "python-requests/2.31.0" "-"
172.18.0.2 - - [23/Mar/2024:07:09:10 +0000] "POST /api/judge_server_heartbeat/ HTTP/1.1" 200 39 "-" "python-requests/2.31.0" "-"
172.18.0.2 - - [23/Mar/2024:07:09:15 +0000] "POST /api/judge_server_heartbeat/ HTTP/1.1" 200 39 "-" "python-requests/2.31.0" "-"
172.18.0.2 - - [23/Mar/2024:07:09:20 +0000] "POST /api/judge_server_heartbeat/ HTTP/1.1" 200 39 "-" "python-requests/2.31.0" "-"
172.18.0.2 - - [23/Mar/2024:07:09:26 +0000] "POST /api/judge_server_heartbeat/ HTTP/1.1" 200 39 "-" "python-requests/2.31.0" "-"
172.18.0.2 - - [23/Mar/2024:07:09:31 +0000] "POST /api/judge_server_heartbeat/ HTTP/1.1" 200 39 "-" "python-requests/2.31.0" "-"
172.18.0.2 - - [23/Mar/2024:07:09:36 +0000] "POST /api/judge_server_heartbeat/ HTTP/1.1" 200 39 "-" "python-requests/2.31.0" "-"
172.18.0.2 - - [23/Mar/2024:07:09:41 +0000] "POST /api/judge_server_heartbeat/ HTTP/1.1" 200 39 "-" "python-requests/2.31.0" "-"
172.18.0.2 - - [23/Mar/2024:07:09:46 +0000] "POST /api/judge_server_heartbeat/ HTTP/1.1" 200 39 "-" "python-requests/2.31.0" "-"
111.30.224.142 - - [23/Mar/2024:07:09:52 +0000] "GET /api/announcement?offset=0&limit=10 HTTP/1.1" 200 84 "http://49.233.190.181/" "Mozilla/5.0 (Windows NT 10.0; Win64; x64) AppleWebKit/537.36 (KHTML, like Gecko) Chrome/123.0.0.0 Safari/537.36" "-"
111.30.224.142 - - [23/Mar/2024:07:09:52 +0000] "GET /api/contests?offset=0&limit=5&status=1 HTTP/1.1" 200 84 "http://49.233.190.181/" "Mozilla/5.0 (Windows NT 10.0; Win64; x64) AppleWebKit/537.36 (KHTML, like Gecko) Chrome/123.0.0.0 Safari/537.36" "-"
172.18.0.2 - - [23/Mar/2024:07:09:52 +0000] "POST /api/judge_server_heartbeat/ HTTP/1.1" 200 39 "-" "python-requests/2.31.0" "-"
111.30.224.142 - - [23/Mar/2024:07:09:53 +0000] "GET /api/problem/tags HTTP/1.1" 200 37 "http://49.233.190.181/problem" "Mozilla/5.0 (Windows NT 10.0; Win64; x64) AppleWebKit/537.36 (KHTML, like Gecko) Chrome/123.0.0.0 Safari/537.36" "-"
111.30.224.142 - - [23/Mar/2024:07:09:53 +0000] "GET /api/problem?paging=true&offset=0&limit=10&page=1 HTTP/1.1" 200 84 "http://49.233.190.181/problem" "Mozilla/5.0 (Windows NT 10.0; Win64; x64) AppleWebKit/537.36 (KHTML, like Gecko) Chrome/123.0.0.0 Safari/537.36" "-"
111.30.224.142 - - [23/Mar/2024:07:09:55 +0000] "GET /api/pickone HTTP/1.1" 200 58 "http://49.233.190.181/problem" "Mozilla/5.0 (Windows NT 10.0; Win64; x64) AppleWebKit/537.36 (KHTML, like Gecko) Chrome/123.0.0.0 Safari/537.36" "-"
172.18.0.2 - - [23/Mar/2024:07:09:57 +0000] "POST /api/judge_server_heartbeat/ HTTP/1.1" 200 39 "-" "python-requests/2.31.0" "-"
111.30.224.142 - - [23/Mar/2024:07:09:59 +0000] "GET /admin/ HTTP/1.1" 200 460 "http://49.233.190.181/problem" "Mozilla/5.0 (Windows NT 10.0; Win64; x64) AppleWebKit/537.36 (KHTML, like Gecko) Chrome/123.0.0.0 Safari/537.36" "-"
111.30.224.142 - - [23/Mar/2024:07:09:59 +0000] "GET /static/css/vendor.85055a479e1ae7522d5e23653d0415d3.css HTTP/1.1" 304 0 "http://49.233.190.181/admin/" "Mozilla/5.0 (Windows NT 10.0; Win64; x64) AppleWebKit/537.36 (KHTML, like Gecko) Chrome/123.0.0.0 Safari/537.36" "-"
111.30.224.142 - - [23/Mar/2024:07:09:59 +0000] "GET /static/css/admin.1c2888abefbec80effd292e5ee7af25e.css HTTP/1.1" 200 73780 "http://49.233.190.181/admin/" "Mozilla/5.0 (Windows NT 10.0; Win64; x64) AppleWebKit/537.36 (KHTML, like Gecko) Chrome/123.0.0.0 Safari/537.36" "-"
111.30.224.142 - - [23/Mar/2024:07:09:59 +0000] "GET /static/js/vendor.dll.b64803b.js HTTP/1.1" 304 0 "http://49.233.190.181/admin/" "Mozilla/5.0 (Windows NT 10.0; Win64; x64) AppleWebKit/537.36 (KHTML, like Gecko) Chrome/123.0.0.0 Safari/537.36" "-"
111.30.224.142 - - [23/Mar/2024:07:09:59 +0000] "GET /static/js/admin.8b1aa9639af6d06d4aa7.js HTTP/1.1" 304 0 "http://49.233.190.181/admin/" "Mozilla/5.0 (Windows NT 10.0; Win64; x64) AppleWebKit/537.36 (KHTML, like Gecko) Chrome/123.0.0.0 Safari/537.36" "-"
111.30.224.142 - - [23/Mar/2024:07:09:59 +0000] "GET /static/js/manifest.fcad483b656bd3e2ef43.js HTTP/1.1" 304 0 "http://49.233.190.181/admin/" "Mozilla/5.0 (Windows NT 10.0; Win64; x64) AppleWebKit/537.36 (KHTML, like Gecko) Chrome/123.0.0.0 Safari/537.36" "-"
111.30.224.142 - - [23/Mar/2024:07:09:59 +0000] "GET /static/js/vendor.6661a4fce9661688886e.js HTTP/1.1" 304 0 "http://49.233.190.181/admin/" "Mozilla/5.0 (Windows NT 10.0; Win64; x64) AppleWebKit/537.36 (KHTML, like Gecko) Chrome/123.0.0.0 Safari/537.36" "-"
111.30.224.142 - - [23/Mar/2024:07:09:59 +0000] "GET /api/profile HTTP/1.1" 200 839 "http://49.233.190.181/admin/" "Mozilla/5.0 (Windows NT 10.0; Win64; x64) AppleWebKit/537.36 (KHTML, like Gecko) Chrome/123.0.0.0 Safari/537.36" "-"
111.30.224.142 - - [23/Mar/2024:07:09:59 +0000] "GET /static/fonts/fontawesome-webfont.af7ae50.woff2 HTTP/1.1" 304 0 "http://49.233.190.181/static/css/admin.1c2888abefbec80effd292e5ee7af25e.css" "Mozilla/5.0 (Windows NT 10.0; Win64; x64) AppleWebKit/537.36 (KHTML, like Gecko) Chrome/123.0.0.0 Safari/537.36" "-"
111.30.224.142 - - [23/Mar/2024:07:09:59 +0000] "GET /static/fonts/element-icons.535877f.woff HTTP/1.1" 304 0 "http://49.233.190.181/static/css/admin.1c2888abefbec80effd292e5ee7af25e.css" "Mozilla/5.0 (Windows NT 10.0; Win64; x64) AppleWebKit/537.36 (KHTML, like Gecko) Chrome/123.0.0.0 Safari/537.36" "-"
111.30.224.142 - - [23/Mar/2024:07:09:59 +0000] "GET /api/admin/dashboard_info HTTP/1.1" 200 267 "http://49.233.190.181/admin/" "Mozilla/5.0 (Windows NT 10.0; Win64; x64) AppleWebKit/537.36 (KHTML, like Gecko) Chrome/123.0.0.0 Safari/537.36" "-"
111.30.224.142 - - [23/Mar/2024:07:09:59 +0000] "GET /api/sessions HTTP/1.1" 200 398 "http://49.233.190.181/admin/" "Mozilla/5.0 (Windows NT 10.0; Win64; x64) AppleWebKit/537.36 (KHTML, like Gecko) Chrome/123.0.0.0 Safari/537.36" "-"
172.18.0.2 - - [23/Mar/2024:07:10:02 +0000] "POST /api/judge_server_heartbeat/ HTTP/1.1" 200 39 "-" "python-requests/2.31.0" "-"
111.30.224.142 - - [23/Mar/2024:07:10:03 +0000] "GET /api/admin/judge_server HTTP/1.1" 200 673 "http://49.233.190.181/admin/judge-server" "Mozilla/5.0 (Windows NT 10.0; Win64; x64) AppleWebKit/537.36 (KHTML, like Gecko) Chrome/123.0.0.0 Safari/537.36" "-"
111.30.224.142 - - [23/Mar/2024:07:10:05 +0000] "GET /api/admin/versions HTTP/1.1" 200 9663 "http://49.233.190.181/admin/" "Mozilla/5.0 (Windows NT 10.0; Win64; x64) AppleWebKit/537.36 (KHTML, like Gecko) Chrome/123.0.0.0 Safari/537.36" "-"
172.18.0.2 - - [23/Mar/2024:07:10:07 +0000] "POST /api/judge_server_heartbeat/ HTTP/1.1" 200 39 "-" "python-requests/2.31.0" "-"
111.30.224.142 - - [23/Mar/2024:07:10:08 +0000] "GET /api/admin/judge_server HTTP/1.1" 200 673 "http://49.233.190.181/admin/judge-server" "Mozilla/5.0 (Windows NT 10.0; Win64; x64) AppleWebKit/537.36 (KHTML, like Gecko) Chrome/123.0.0.0 Safari/537.36" "-"
111.30.224.142 - - [23/Mar/2024:07:10:12 +0000] "GET /api/admin/prune_test_case HTTP/1.1" 200 37 "http://49.233.190.181/admin/prune-test-case" "Mozilla/5.0 (Windows NT 10.0; Win64; x64) AppleWebKit/537.36 (KHTML, like Gecko) Chrome/123.0.0.0 Safari/537.36" "-"
172.18.0.2 - - [23/Mar/2024:07:10:13 +0000] "POST /api/judge_server_heartbeat/ HTTP/1.1" 200 39 "-" "python-requests/2.31.0" "-"
111.30.224.142 - - [23/Mar/2024:07:10:13 +0000] "GET /api/admin/smtp HTTP/1.1" 200 39 "http://49.233.190.181/admin/conf" "Mozilla/5.0 (Windows NT 10.0; Win64; x64) AppleWebKit/537.36 (KHTML, like Gecko) Chrome/123.0.0.0 Safari/537.36" "-"
111.30.224.142 - - [23/Mar/2024:07:10:13 +0000] "GET /api/admin/website HTTP/1.1" 200 291 "http://49.233.190.181/admin/conf" "Mozilla/5.0 (Windows NT 10.0; Win64; x64) AppleWebKit/537.36 (KHTML, like Gecko) Chrome/123.0.0.0 Safari/537.36" "-"
111.30.224.142 - - [23/Mar/2024:07:10:14 +0000] "GET /api/admin/announcement?paging=true&offset=0&limit=15 HTTP/1.1" 200 84 "http://49.233.190.181/admin/announcement" "Mozilla/5.0 (Windows NT 10.0; Win64; x64) AppleWebKit/537.36 (KHTML, like Gecko) Chrome/123.0.0.0 Safari/537.36" "-"
111.30.224.142 - - [23/Mar/2024:07:10:16 +0000] "GET /api/admin/user?paging=true&offset=0&limit=10 HTTP/1.1" 200 575 "http://49.233.190.181/admin/user" "Mozilla/5.0 (Windows NT 10.0; Win64; x64) AppleWebKit/537.36 (KHTML, like Gecko) Chrome/123.0.0.0 Safari/537.36" "-"
172.18.0.2 - - [23/Mar/2024:07:10:18 +0000] "POST /api/judge_server_heartbeat/ HTTP/1.1" 200 39 "-" "python-requests/2.31.0" "-"
111.30.224.142 - - [23/Mar/2024:07:10:19 +0000] "GET /api/admin/problem?limit=10&offset=0 HTTP/1.1" 200 84 "http://49.233.190.181/admin/problems" "Mozilla/5.0 (Windows NT 10.0; Win64; x64) AppleWebKit/537.36 (KHTML, like Gecko) Chrome/123.0.0.0 Safari/537.36" "-"
